Component: Arm Compiler for Embedded 6.21 Tool: armlink [5ec1fa00]

==============================================================================

Section Cross References

    startup_stm32g431xx.o(STACK) refers (Special) to heapauxi.o(.text) for __use_two_region_memory
    startup_stm32g431xx.o(HEAP) refers (Special) to heapauxi.o(.text) for __use_two_region_memory
    startup_stm32g431xx.o(RESET) refers (Special) to heapauxi.o(.text) for __use_two_region_memory
    startup_stm32g431xx.o(RESET) refers to startup_stm32g431xx.o(STACK) for __initial_sp
    startup_stm32g431xx.o(RESET) refers to startup_stm32g431xx.o(.text) for Reset_Handler
    startup_stm32g431xx.o(RESET) refers to stm32g4xx_it.o(.text.NMI_Handler) for NMI_Handler
    startup_stm32g431xx.o(RESET) refers to stm32g4xx_it.o(.text.HardFault_Handler) for HardFault_Handler
    startup_stm32g431xx.o(RESET) refers to stm32g4xx_it.o(.text.MemManage_Handler) for MemManage_Handler
    startup_stm32g431xx.o(RESET) refers to stm32g4xx_it.o(.text.BusFault_Handler) for BusFault_Handler
    startup_stm32g431xx.o(RESET) refers to stm32g4xx_it.o(.text.UsageFault_Handler) for UsageFault_Handler
    startup_stm32g431xx.o(RESET) refers to stm32g4xx_it.o(.text.SVC_Handler) for SVC_Handler
    startup_stm32g431xx.o(RESET) refers to stm32g4xx_it.o(.text.DebugMon_Handler) for DebugMon_Handler
    startup_stm32g431xx.o(RESET) refers to stm32g4xx_it.o(.text.PendSV_Handler) for PendSV_Handler
    startup_stm32g431xx.o(RESET) refers to stm32g4xx_it.o(.text.SysTick_Handler) for SysTick_Handler
    startup_stm32g431xx.o(RESET) refers to stm32g4xx_it.o(.text.ADC1_2_IRQHandler) for ADC1_2_IRQHandler
    startup_stm32g431xx.o(RESET) refers to stm32g4xx_it.o(.text.TIM1_TRG_COM_TIM17_IRQHandler) for TIM1_TRG_COM_TIM17_IRQHandler
    startup_stm32g431xx.o(RESET) refers to stm32g4xx_it.o(.text.TIM2_IRQHandler) for TIM2_IRQHandler
    startup_stm32g431xx.o(RESET) refers to stm32g4xx_it.o(.text.TIM6_DAC_IRQHandler) for TIM6_DAC_IRQHandler
    startup_stm32g431xx.o(.text) refers (Special) to heapauxi.o(.text) for __use_two_region_memory
    startup_stm32g431xx.o(.text) refers to system_stm32g4xx.o(.text.SystemInit) for SystemInit
    startup_stm32g431xx.o(.text) refers to __main.o(!!!main) for __main
    startup_stm32g431xx.o(.text) refers to startup_stm32g431xx.o(HEAP) for Heap_Mem
    startup_stm32g431xx.o(.text) refers to startup_stm32g431xx.o(STACK) for Stack_Mem
    lcd.o(.ARM.exidx.text.Delay_LCD) refers to lcd.o(.text.Delay_LCD) for [Anonymous Symbol]
    lcd.o(.ARM.exidx.text.REG_8230_Init) refers to lcd.o(.text.REG_8230_Init) for [Anonymous Symbol]
    lcd.o(.ARM.exidx.text.LCD_WriteReg) refers to lcd.o(.text.LCD_WriteReg) for [Anonymous Symbol]
    lcd.o(.text.REG_932X_Init) refers to stm32g4xx_hal.o(.text.HAL_Delay) for HAL_Delay
    lcd.o(.ARM.exidx.text.REG_932X_Init) refers to lcd.o(.text.REG_932X_Init) for [Anonymous Symbol]
    lcd.o(.text.LCD_Init) refers to stm32g4xx_hal_gpio.o(.text.HAL_GPIO_Init) for HAL_GPIO_Init
    lcd.o(.text.LCD_Init) refers to lcd.o(.bss.dummy) for dummy
    lcd.o(.text.LCD_Init) refers to lcd.o(.text.REG_8230_Init) for REG_8230_Init
    lcd.o(.text.LCD_Init) refers to lcd.o(.text.REG_932X_Init) for REG_932X_Init
    lcd.o(.ARM.exidx.text.LCD_Init) refers to lcd.o(.text.LCD_Init) for [Anonymous Symbol]
    lcd.o(.text.LCD_CtrlLinesConfig) refers to stm32g4xx_hal_gpio.o(.text.HAL_GPIO_Init) for HAL_GPIO_Init
    lcd.o(.ARM.exidx.text.LCD_CtrlLinesConfig) refers to lcd.o(.text.LCD_CtrlLinesConfig) for [Anonymous Symbol]
    lcd.o(.text.LCD_ReadReg) refers to stm32g4xx_hal_gpio.o(.text.HAL_GPIO_Init) for HAL_GPIO_Init
    lcd.o(.ARM.exidx.text.LCD_ReadReg) refers to lcd.o(.text.LCD_ReadReg) for [Anonymous Symbol]
    lcd.o(.text.LCD_SetTextColor) refers to lcd.o(.bss.TextColor) for TextColor
    lcd.o(.ARM.exidx.text.LCD_SetTextColor) refers to lcd.o(.text.LCD_SetTextColor) for [Anonymous Symbol]
    lcd.o(.text.LCD_SetBackColor) refers to lcd.o(.data.BackColor) for BackColor
    lcd.o(.ARM.exidx.text.LCD_SetBackColor) refers to lcd.o(.text.LCD_SetBackColor) for [Anonymous Symbol]
    lcd.o(.text.LCD_ClearLine) refers to lcd.o(.rodata.ASCII_Table) for ASCII_Table
    lcd.o(.text.LCD_ClearLine) refers to lcd.o(.text.LCD_DrawChar) for LCD_DrawChar
    lcd.o(.ARM.exidx.text.LCD_ClearLine) refers to lcd.o(.text.LCD_ClearLine) for [Anonymous Symbol]
    lcd.o(.text.LCD_DisplayStringLine) refers to lcd.o(.rodata.ASCII_Table) for ASCII_Table
    lcd.o(.text.LCD_DisplayStringLine) refers to lcd.o(.text.LCD_DrawChar) for LCD_DrawChar
    lcd.o(.ARM.exidx.text.LCD_DisplayStringLine) refers to lcd.o(.text.LCD_DisplayStringLine) for [Anonymous Symbol]
    lcd.o(.ARM.exidx.text.LCD_Clear) refers to lcd.o(.text.LCD_Clear) for [Anonymous Symbol]
    lcd.o(.ARM.exidx.text.LCD_SetCursor) refers to lcd.o(.text.LCD_SetCursor) for [Anonymous Symbol]
[...]
    [Anonymous Symbol]                       0x08003c20   Section        0  stm32g4xx_hal_tim.o(.text.HAL_TIM_PWM_MspInit)
    [Anonymous Symbol]                       0x08003c24   Section        0  stm32g4xx_hal_tim.o(.text.HAL_TIM_PWM_PulseFinishedCallback)
    [Anonymous Symbol]                       0x08003c28   Section        0  stm32g4xx_hal_tim.o(.text.HAL_TIM_PWM_Start)
    [Anonymous Symbol]                       0x08003db8   Section        0  main.o(.text.HAL_TIM_PeriodElapsedCallback)
    [Anonymous Symbol]                       0x080041c0   Section        0  stm32g4xx_hal_tim.o(.text.HAL_TIM_ReadCapturedValue)
    [Anonymous Symbol]                       0x080041f4   Section        0  stm32g4xx_hal_tim.o(.text.HAL_TIM_TriggerCallback)
    [Anonymous Symbol]                       0x080041f8   Section        0  stm32g4xx_it.o(.text.HardFault_Handler)
    [Anonymous Symbol]                       0x080041fc   Section        0  lcd.o(.text.LCD_Clear)
    [Anonymous Symbol]                       0x08004488   Section        0  lcd.o(.text.LCD_DisplayStringLine)
    [Anonymous Symbol]                       0x080044d4   Section        0  lcd.o(.text.LCD_DrawChar)
    [Anonymous Symbol]                       0x080047cc   Section        0  lcd.o(.text.LCD_Init)
    [Anonymous Symbol]                       0x080049fc   Section        0  lcd.o(.text.LCD_SetBackColor)
    [Anonymous Symbol]                       0x08004a14   Section        0  lcd.o(.text.LCD_SetTextColor)
    [Anonymous Symbol]                       0x08004a2c   Section        0  adc.o(.text.MX_ADC2_Init)
    [Anonymous Symbol]                       0x08004ab0   Section        0  gpio.o(.text.MX_GPIO_Init)
    [Anonymous Symbol]                       0x08004b24   Section        0  tim.o(.text.MX_TIM17_Init)
    [Anonymous Symbol]                       0x08004b94   Section        0  tim.o(.text.MX_TIM2_Init)
    [Anonymous Symbol]                       0x08004c98   Section        0  tim.o(.text.MX_TIM6_Init)
    [Anonymous Symbol]                       0x08004cec   Section        0  stm32g4xx_it.o(.text.MemManage_Handler)
    [Anonymous Symbol]                       0x08004cf0   Section        0  stm32g4xx_it.o(.text.NMI_Handler)
    [Anonymous Symbol]                       0x08004cf4   Section        0  stm32g4xx_it.o(.text.PendSV_Handler)
    [Anonymous Symbol]                       0x08004cf8   Section        0  lcd.o(.text.REG_8230_Init)
    [Anonymous Symbol]                       0x08005904   Section        0  lcd.o(.text.REG_932X_Init)
    [Anonymous Symbol]                       0x08007054   Section        0  stm32g4xx_it.o(.text.SVC_Handler)
    [Anonymous Symbol]                       0x08007058   Section        0  stm32g4xx_it.o(.text.SysTick_Handler)
    [Anonymous Symbol]                       0x0800705c   Section        0  system_stm32g4xx.o(.text.SystemInit)
    [Anonymous Symbol]                       0x08007070   Section        0  stm32g4xx_it.o(.text.TIM1_TRG_COM_TIM17_IRQHandler)
    [Anonymous Symbol]                       0x0800707c   Section        0  stm32g4xx_it.o(.text.TIM2_IRQHandler)
    [Anonymous Symbol]                       0x08007088   Section        0  stm32g4xx_it.o(.text.TIM6_DAC_IRQHandler)
    [Anonymous Symbol]                       0x08007094   Section        0  stm32g4xx_hal_tim.o(.text.TIM_Base_SetConfig)
    [Anonymous Symbol]                       0x080071b8   Section        0  stm32g4xx_it.o(.text.UsageFault_Handler)
    [Anonymous Symbol]                       0x080071c0   Section        0  adc.o(.text.getADC)
    [Anonymous Symbol]                       0x08007210   Section        0  led.o(.text.led_OFF)
    [Anonymous Symbol]                       0x080072b4   Section        0  led.o(.text.led_ON)
    [Anonymous Symbol]                       0x0800735c   Section        0  led.o(.text.led_Toggle)
    [Anonymous Symbol]                       0x0800740c   Section        0  led.o(.text.led_init)
    [Anonymous Symbol]                       0x080074a4   Section        0  main.o(.text.main)
    CL$$btod_d2e                             0x080076b8   Section       62  btod.o(CL$$btod_d2e)
    CL$$btod_d2e_denorm_low                  0x080076f6   Section       70  btod.o(CL$$btod_d2e_denorm_low)
    CL$$btod_d2e_norm_op1                    0x0800773c   Section       96  btod.o(CL$$btod_d2e_norm_op1)
    CL$$btod_div_common                      0x0800779c   Section      824  btod.o(CL$$btod_div_common)
    CL$$btod_e2e                             0x08007ad4   Section      220  btod.o(CL$$btod_e2e)
    CL$$btod_ediv                            0x08007bb0   Section       42  btod.o(CL$$btod_ediv)
    CL$$btod_emul                            0x08007bda   Section       42  btod.o(CL$$btod_emul)
    CL$$btod_mult_common                     0x08007c04   Section      580  btod.o(CL$$btod_mult_common)
    i.__ARM_fpclassify                       0x08007e48   Section        0  fpclassify.o(i.__ARM_fpclassify)
    i._is_digit                              0x08007e78   Section        0  __printf_wp.o(i._is_digit)
    locale$$code                             0x08007e88   Section       44  lc_numeric_c.o(locale$$code)
    $v0                                      0x08007eb4   Number         0  d2f.o(x$fpl$d2f)
    x$fpl$d2f                                0x08007eb4   Section       98  d2f.o(x$fpl$d2f)
    $v0                                      0x08007f18   Number         0  daddsub_clz.o(x$fpl$dadd)
    x$fpl$dadd                               0x08007f18   Section      336  daddsub_clz.o(x$fpl$dadd)
    _dadd1                                   0x08007f29   Thumb Code     0  daddsub_clz.o(x$fpl$dadd)
    $v0                                      0x08008068   Number         0  dcmpi.o(x$fpl$dcmpinf)
    x$fpl$dcmpinf                            0x08008068   Section       24  dcmpi.o(x$fpl$dcmpinf)
    $v0                                      0x08008080   Number         0  ddiv.o(x$fpl$ddiv)
    x$fpl$ddiv                               0x08008080   Section      692  ddiv.o(x$fpl$ddiv)
    ddiv_entry                               0x08008087   Thumb Code     0  ddiv.o(x$fpl$ddiv)
    $v0                                      0x08008334   Number         0  deqf.o(x$fpl$deqf)
    x$fpl$deqf                               0x08008334   Section      120  deqf.o(x$fpl$deqf)
    $v0                                      0x080083ac   Number         0  dfixu.o(x$fpl$dfixu)
    x$fpl$dfixu                              0x080083ac   Section       90  dfixu.o(x$fpl$dfixu)
    $v0                                      0x08008406   Number         0  dflt_clz.o(x$fpl$dflt)
    x$fpl$dflt                               0x08008406   Section       46  dflt_clz.o(x$fpl$dflt)
    $v0                                      0x08008434   Number         0  dflt_clz.o(x$fpl$dfltu)
    x$fpl$dfltu                              0x08008434   Section       38  dflt_clz.o(x$fpl$dfltu)
    $v0                                      0x0800845c   Number         0  dgeqf.o(x$fpl$dgeqf)
    x$fpl$dgeqf                              0x0800845c   Section      120  dgeqf.o(x$fpl$dgeqf)
    $v0                                      0x080084d4   Number         0  dleqf.o(x$fpl$dleqf)
    x$fpl$dleqf                              0x080084d4   Section      120  dleqf.o(x$fpl$dleqf)
    $v0                                      0x0800854c   Number         0  dmul.o(x$fpl$dmul)
    x$fpl$dmul                               0x0800854c   Section      340  dmul.o(x$fpl$dmul)
    $v0                                      0x080086a0   Number         0  dnaninf.o(x$fpl$dnaninf)
    x$fpl$dnaninf                            0x080086a0   Section      156  dnaninf.o(x$fpl$dnaninf)
    $v0                                      0x0800873c   Number         0  dretinf.o(x$fpl$dretinf)
    x$fpl$dretinf                            0x0800873c   Section       12  dretinf.o(x$fpl$dretinf)
    $v0                                      0x08008748   Number         0  daddsub_clz.o(x$fpl$dsub)
    x$fpl$dsub                               0x08008748   Section      476  daddsub_clz.o(x$fpl$dsub)
    _dsub1                                   0x08008759   Thumb Code     0  daddsub_clz.o(x$fpl$dsub)
    $v0                                      0x08008924   Number         0  f2d.o(x$fpl$f2d)
    x$fpl$f2d                                0x08008924   Section       86  f2d.o(x$fpl$f2d)
    $v0                                      0x0800897a   Number         0  dcmp.o(x$fpl$fcmp)
    x$fpl$fcmp                               0x0800897a   Section       84  dcmp.o(x$fpl$fcmp)
    $v0                                      0x080089ce   Number         0  fnaninf.o(x$fpl$fnaninf)
    x$fpl$fnaninf                            0x080089ce   Section      140  fnaninf.o(x$fpl$fnaninf)
    $v0                                      0x08008a5a   Number         0  fpinit.o(x$fpl$fpinit)
    x$fpl$fpinit                             0x08008a5a   Section       26  fpinit.o(x$fpl$fpinit)
    $v0                                      0x08008a74   Number         0  fretinf.o(x$fpl$fretinf)
    x$fpl$fretinf                            0x08008a74   Section       10  fretinf.o(x$fpl$fretinf)
    $v0                                      0x08008a7e   Number         0  printf1.o(x$fpl$printf1)
    x$fpl$printf1                            0x08008a7e   Section        4  printf1.o(x$fpl$printf1)
    $v0                                      0x08008a82   Number         0  printf2.o(x$fpl$printf2)
    x$fpl$printf2                            0x08008a82   Section        4  printf2.o(x$fpl$printf2)
    maptable                                 0x08008a86   Data          17  __printf_flags_ss_wp.o(.constdata)
    .constdata                               0x08008a86   Section       17  __printf_flags_ss_wp.o(.constdata)
    x$fpl$usenofp                            0x08008a86   Section        0  usenofp.o(x$fpl$usenofp)
    lc_hextab                                0x08008a97   Data          19  _printf_fp_hex.o(.constdata)
    .constdata                               0x08008a97   Section       38  _printf_fp_hex.o(.constdata)
    uc_hextab                                0x08008aaa   Data          19  _printf_fp_hex.o(.constdata)
    tenpwrs_x                                0x08008ac0   Data          60  bigflt0.o(.constdata)
    .constdata                               0x08008ac0   Section      148  bigflt0.o(.constdata)
    tenpwrs_i                                0x08008afc   Data          64  bigflt0.o(.constdata)
    .Lswitch.table.HAL_TIM_IC_Start_IT       0x08009d34   Data          16  stm32g4xx_hal_tim.o(.rodata.cst16)
    .Lswitch.table.HAL_TIM_IC_Stop_IT        0x08009d44   Data          16  stm32g4xx_hal_tim.o(.rodata.cst16)
    .L.str.4                                 0x08009d54   Data          18  main.o(.rodata.str1.1)
    [Anonymous Symbol]                       0x08009d54   Section        0  main.o(.rodata.str1.1)
    .L.str                                   0x08009d66   Data          17  main.o(.rodata.str1.1)
    .L.str.3                                 0x08009d77   Data          14  main.o(.rodata.str1.1)
    locale$$data                             0x08009da8   Section       28  lc_numeric_c.o(locale$$data)
    __lcnum_c_name                           0x08009dac   Data           2  lc_numeric_c.o(locale$$data)
    __lcnum_c_start                          0x08009db4   Data           0  lc_numeric_c.o(locale$$data)
    __lcnum_c_point                          0x08009dc0   Data           0  lc_numeric_c.o(locale$$data)
    __lcnum_c_thousands                      0x08009dc2   Data           0  lc_numeric_c.o(locale$$data)
    __lcnum_c_grouping                       0x08009dc3   Data           0  lc_numeric_c.o(locale$$data)
    __lcnum_c_end                            0x08009dc4   Data           0  lc_numeric_c.o(locale$$data)
    .L_MergedGlobals                         0x20000000   Data          12  main.o(.data..L_MergedGlobals)
    [Anonymous Symbol]                       0x20000000   Section        0  main.o(.data..L_MergedGlobals)
    .L_MergedGlobals                         0x2000000c   Data           8  stm32g4xx_hal.o(.data..L_MergedGlobals)
    [Anonymous Symbol]                       0x2000000c   Section        0  stm32g4xx_hal.o(.data..L_MergedGlobals)
    BackColor                                0x20000014   Data           2  lcd.o(.data.BackColor)
    [Anonymous Symbol]                       0x20000014   Section        0  lcd.o(.data.BackColor)
    .bss                                     0x20000020   Section       96  libspace.o(.bss)
    .L_MergedGlobals                         0x20000080   Data          36  led.o(.bss..L_MergedGlobals)
    [Anonymous Symbol]                       0x20000080   Section        0  led.o(.bss..L_MergedGlobals)
    .L_MergedGlobals.13                      0x200000a4   Data          62  main.o(.bss..L_MergedGlobals.13)
    [Anonymous Symbol]                       0x200000a4   Section        0  main.o(.bss..L_MergedGlobals.13)
    TextColor                                0x200000e2   Data           2  lcd.o(.bss.TextColor)
    [Anonymous Symbol]                       0x200000e2   Section        0  lcd.o(.bss.TextColor)
    Heap_Mem                                 0x20000240   Data         512  startup_stm32g431xx.o(HEAP)
    HEAP                                     0x20000240   Section      512  startup_stm32g431xx.o(HEAP)
    Stack_Mem                                0x20000440   Data        1024  startup_stm32g431xx.o(STACK)
    STACK                                    0x20000440   Section     1024  startup_stm32g431xx.o(STACK)
    __initial_sp                             0x20000840   Data           0  startup_stm32g431xx.o(STACK)

    Global Symbols

    Symbol Name                              Value     Ov Type        Size  Object(Section)

    BuildAttributes$$THM_ISAv4$E$P$D$K$B$S$7EM$VFPi3$EXTD16$VFPS$VFMA$PE$A:L22UL41UL21$X:L11$S22US41US21$IEEE1$IW$~IW$USESV6$~STKCKD$USESV7$~SHL$OTIME$ROPI$IEEEJ$EBA8$UX$STANDARDLIB$REQ8$PRES8$EABIv2 0x00000000   Number         0  anon$$obj.o ABSOLUTE
    _printf_flags                            0x00000000   Number         0  printf_stubs.o ABSOLUTE
    _printf_return_value                     0x00000000   Number         0  printf_stubs.o ABSOLUTE
    _printf_sizespec                         0x00000000   Number         0  printf_stubs.o ABSOLUTE
    _printf_widthprec                        0x00000000   Number         0  printf_stubs.o ABSOLUTE
    __ARM_exceptions_init                     - Undefined Weak Reference
    __alloca_initialize                       - Undefined Weak Reference
    __arm_preinit_                            - Undefined Weak Reference
    __arm_relocate_pie_                       - Undefined Weak Reference
    __cpp_initialize__aeabi_                  - Undefined Weak Reference
    __cxa_finalize                            - Undefined Weak Reference
    __sigvec_lookup                           - Undefined Weak Reference
    _atexit_init                              - Undefined Weak Reference
    _call_atexit_fns                          - Undefined Weak Reference
    _clock_init                               - Undefined Weak Reference
    _fp_trap_init                             - Undefined Weak Reference
    _fp_trap_shutdown                         - Undefined Weak Reference
    _get_lc_collate                           - Undefined Weak Reference
    _get_lc_ctype                             - Undefined Weak Reference
    _get_lc_monetary                          - Undefined Weak Reference
    _get_lc_time                              - Undefined Weak Reference
    _getenv_init                              - Undefined Weak Reference
    _handle_redirection                       - Undefined Weak Reference
    _init_alloc                               - Undefined Weak Reference
    _init_user_alloc                          - Undefined Weak Reference
    _initio                                   - Undefined Weak Reference
    _printf_truncate_signed                   - Undefined Weak Reference
    _printf_truncate_unsigned                 - Undefined Weak Reference
    _rand_init                                - Undefined Weak Reference
    _signal_finish                            - Undefined Weak Reference
    _signal_init                              - Undefined Weak Reference
    _terminate_alloc                          - Undefined Weak Reference
    _terminate_user_alloc                     - Undefined Weak Reference
    _terminateio                              - Undefined Weak Reference
    __Vectors_Size                           0x000001d8   Number         0  startup_stm32g431xx.o ABSOLUTE
    __Vectors                                0x08000000   Data           4  startup_stm32g431xx.o(RESET)
    __Vectors_End                            0x080001d8   Data           0  startup_stm32g431xx.o(RESET)
    __main                                   0x080001d9   Thumb Code     8  __main.o(!!!main)
    __scatterload                            0x080001e1   Thumb Code     0  __scatter.o(!!!scatter)
    __scatterload_rt2                        0x080001e1   Thumb Code    84  __scatter.o(!!!scatter)
    __scatterload_rt2_thumb_only             0x080001e1   Thumb Code     0  __scatter.o(!!!scatter)
    __scatterload_loop                       0x080001eb   Thumb Code     0  __scatter.o(!!!scatter)
    __scatterload_copy                       0x0800023d   Thumb Code    26  __scatter_copy.o(!!handler_copy)
    __scatterload_null                       0x08000259   Thumb Code     2  __scatter.o(!!handler_null)
    __scatterload_zeroinit                   0x0800025d   Thumb Code    28  __scatter_zi.o(!!handler_zi)
    _printf_f                                0x08000279   Thumb Code     0  _printf_f.o(.ARM.Collect$$_printf_percent$$00000003)
    _printf_percent                          0x08000279   Thumb Code     0  _printf_percent.o(.ARM.Collect$$_printf_percent$$00000000)
    _printf_e                                0x0800027f   Thumb Code     0  _printf_e.o(.ARM.Collect$$_printf_percent$$00000004)
    _printf_g                                0x08000285   Thumb Code     0  _printf_g.o(.ARM.Collect$$_printf_percent$$00000005)
    _printf_a                                0x0800028b   Thumb Code     0  _printf_a.o(.ARM.Collect$$_printf_percent$$00000006)
    _printf_d                                0x08000291   Thumb Code     0  _printf_d.o(.ARM.Collect$$_printf_percent$$00000009)
    _printf_percent_end                      0x08000297   Thumb Code     0  _printf_percent_end.o(.ARM.Collect$$_printf_percent$$00000017)
    __rt_lib_init                            0x0800029b   Thumb Code     0  libinit.o(.ARM.Collect$$libinit$$00000000)
    __rt_lib_init_fp_1                       0x0800029d   Thumb Code     0  libinit2.o(.ARM.Collect$$libinit$$00000001)
    __rt_lib_init_heap_1                     0x080002a1   Thumb Code     0  libinit2.o(.ARM.Collect$$libinit$$0000000C)
    __rt_lib_init_lc_common                  0x080002a1   Thumb Code     0  libinit2.o(.ARM.Collect$$libinit$$00000011)
    __rt_lib_init_preinit_1                  0x080002a1   Thumb Code     0  libinit2.o(.ARM.Collect$$libinit$$00000006)
    __rt_lib_init_rand_1                     0x080002a1   Thumb Code     0  libinit2.o(.ARM.Collect$$libinit$$00000010)
    __rt_lib_init_relocate_pie_1             0x080002a1   Thumb Code     0  libinit2.o(.ARM.Collect$$libinit$$00000004)
    __rt_lib_init_user_alloc_1               0x080002a1   Thumb Code     0  libinit2.o(.ARM.Collect$$libinit$$0000000E)
    __rt_lib_init_lc_collate_1               0x080002a7   Thumb Code     0  libinit2.o(.ARM.Collect$$libinit$$00000013)
    __rt_lib_init_lc_ctype_1                 0x080002a7   Thumb Code     0  libinit2.o(.ARM.Collect$$libinit$$00000015)
    __rt_lib_init_lc_monetary_1              0x080002a7   Thumb Code     0  libinit2.o(.ARM.Collect$$libinit$$00000017)
    __rt_lib_init_lc_numeric_2               0x080002a7   Thumb Code     0  libinit2.o(.ARM.Collect$$libinit$$00000018)
    __rt_lib_init_alloca_1                   0x080002b1   Thumb Code     0  libinit2.o(.ARM.Collect$$libinit$$00000030)
    __rt_lib_init_argv_1                     0x080002b1   Thumb Code     0  libinit2.o(.ARM.Collect$$libinit$$0000002E)
    __rt_lib_init_atexit_1                   0x080002b1   Thumb Code     0  libinit2.o(.ARM.Collect$$libinit$$0000001D)
    __rt_lib_init_clock_1                    0x080002b1   Thumb Code     0  libinit2.o(.ARM.Collect$$libinit$$00000023)
    __rt_lib_init_cpp_1                      0x080002b1   Thumb Code     0  libinit2.o(.ARM.Collect$$libinit$$00000034)
    __rt_lib_init_exceptions_1               0x080002b1   Thumb Code     0  libinit2.o(.ARM.Collect$$libinit$$00000032)
    __rt_lib_init_fp_trap_1                  0x080002b1   Thumb Code     0  libinit2.o(.ARM.Collect$$libinit$$00000021)
    __rt_lib_init_getenv_1                   0x080002b1   Thumb Code     0  libinit2.o(.ARM.Collect$$libinit$$00000025)
    __rt_lib_init_lc_numeric_1               0x080002b1   Thumb Code     0  libinit2.o(.ARM.Collect$$libinit$$00000019)
    __rt_lib_init_lc_time_1                  0x080002b1   Thumb Code     0  libinit2.o(.ARM.Collect$$libinit$$0000001B)
    __rt_lib_init_return                     0x080002b1   Thumb Code     0  libinit2.o(.ARM.Collect$$libinit$$00000035)
    __rt_lib_init_signal_1                   0x080002b1   Thumb Code     0  libinit2.o(.ARM.Collect$$libinit$$0000001F)
    __rt_lib_init_stdio_1                    0x080002b1   Thumb Code     0  libinit2.o(.ARM.Collect$$libinit$$00000027)
    __rt_lib_shutdown                        0x080002b3   Thumb Code     0  libshutdown.o(.ARM.Collect$$libshutdown$$00000000)
    __rt_lib_shutdown_cpp_1                  0x080002b5   Thumb Code     0  libshutdown2.o(.ARM.Collect$$libshutdown$$00000002)
    __rt_lib_shutdown_fp_trap_1              0x080002b5   Thumb Code     0  libshutdown2.o(.ARM.Collect$$libshutdown$$00000007)
    __rt_lib_shutdown_heap_1                 0x080002b5   Thumb Code     0  libshutdown2.o(.ARM.Collect$$libshutdown$$0000000F)
    __rt_lib_shutdown_return                 0x080002b5   Thumb Code     0  libshutdown2.o(.ARM.Collect$$libshutdown$$00000010)
    __rt_lib_shutdown_signal_1               0x080002b5   Thumb Code     0  libshutdown2.o(.ARM.Collect$$libshutdown$$0000000A)
    __rt_lib_shutdown_stdio_1                0x080002b5   Thumb Code     0  libshutdown2.o(.ARM.Collect$$libshutdown$$00000004)
    __rt_lib_shutdown_user_alloc_1           0x080002b5   Thumb Code     0  libshutdown2.o(.ARM.Collect$$libshutdown$$0000000C)
    __rt_entry                               0x080002b7   Thumb Code     0  __rtentry.o(.ARM.Collect$$rtentry$$00000000)
    __rt_entry_presh_1                       0x080002b7   Thumb Code     0  __rtentry2.o(.ARM.Collect$$rtentry$$00000002)
    __rt_entry_sh                            0x080002b7   Thumb Code     0  __rtentry4.o(.ARM.Collect$$rtentry$$00000004)
    __rt_entry_li                            0x080002bd   Thumb Code     0  __rtentry2.o(.ARM.Collect$$rtentry$$0000000A)
    __rt_entry_postsh_1                      0x080002bd   Thumb Code     0  __rtentry2.o(.ARM.Collect$$rtentry$$00000009)
    __rt_entry_main                          0x080002c1   Thumb Code     0  __rtentry2.o(.ARM.Collect$$rtentry$$0000000D)
    __rt_entry_postli_1                      0x080002c1   Thumb Code     0  __rtentry2.o(.ARM.Collect$$rtentry$$0000000C)
    __rt_exit                                0x080002c9   Thumb Code     0  rtexit.o(.ARM.Collect$$rtexit$$00000000)
    __rt_exit_ls                             0x080002cb   Thumb Code     0  rtexit2.o(.ARM.Collect$$rtexit$$00000003)
    __rt_exit_prels_1                        0x080002cb   Thumb Code     0  rtexit2.o(.ARM.Collect$$rtexit$$00000002)
    __rt_exit_exit                           0x080002cf   Thumb Code     0  rtexit2.o(.ARM.Collect$$rtexit$$00000004)
    Reset_Handler                            0x080002d5   Thumb Code     8  startup_stm32g431xx.o(.text)
    COMP1_2_3_IRQHandler                     0x080002ef   Thumb Code     0  startup_stm32g431xx.o(.text)
    COMP4_IRQHandler                         0x080002ef   Thumb Code     0  startup_stm32g431xx.o(.text)
    CORDIC_IRQHandler                        0x080002ef   Thumb Code     0  startup_stm32g431xx.o(.text)
    CRS_IRQHandler                           0x080002ef   Thumb Code     0  startup_stm32g431xx.o(.text)
    DMA1_Channel1_IRQHandler                 0x080002ef   Thumb Code     0  startup_stm32g431xx.o(.text)
    DMA1_Channel2_IRQHandler                 0x080002ef   Thumb Code     0  startup_stm32g431xx.o(.text)
    DMA1_Channel3_IRQHandler                 0x080002ef   Thumb Code     0  startup_stm32g431xx.o(.text)
    DMA1_Channel4_IRQHandler                 0x080002ef   Thumb Code     0  startup_stm32g431xx.o(.text)
    DMA1_Channel5_IRQHandler                 0x080002ef   Thumb Code     0  startup_stm32g431xx.o(.text)
    DMA1_Channel6_IRQHandler                 0x080002ef   Thumb Code     0  startup_stm32g431xx.o(.text)
    DMA2_Channel1_IRQHandler                 0x080002ef   Thumb Code     0  startup_stm32g431xx.o(.text)
    DMA2_Channel2_IRQHandler                 0x080002ef   Thumb Code     0  startup_stm32g431xx.o(.text)
    DMA2_Channel3_IRQHandler                 0x080002ef   Thumb Code     0  startup_stm32g431xx.o(.text)
    DMA2_Channel4_IRQHandler                 0x080002ef   Thumb Code     0  startup_stm32g431xx.o(.text)
    DMA2_Channel5_IRQHandler                 0x080002ef   Thumb Code     0  startup_stm32g431xx.o(.text)
    DMA2_Channel6_IRQHandler                 0x080002ef   Thumb Code     0  startup_stm32g431xx.o(.text)
    DMAMUX_OVR_IRQHandler                    0x080002ef   Thumb Code     0  startup_stm32g431xx.o(.text)
    EXTI0_IRQHandler                         0x080002ef   Thumb Code     0  startup_stm32g431xx.o(.text)
    EXTI15_10_IRQHandler                     0x080002ef   Thumb Code     0  startup_stm32g431xx.o(.text)
    EXTI1_IRQHandler                         0x080002ef   Thumb Code     0  startup_stm32g431xx.o(.text)
    EXTI2_IRQHandler                         0x080002ef   Thumb Code     0  startup_stm32g431xx.o(.text)
    EXTI3_IRQHandler                         0x080002ef   Thumb Code     0  startup_stm32g431xx.o(.text)
    EXTI4_IRQHandler                         0x080002ef   Thumb Code     0  startup_stm32g431xx.o(.text)
    EXTI9_5_IRQHandler                       0x080002ef   Thumb Code     0  startup_stm32g431xx.o(.text)
    FDCAN1_IT0_IRQHandler                    0x080002ef   Thumb Code     0  startup_stm32g431xx.o(.text)
    FDCAN1_IT1_IRQHandler                    0x080002ef   Thumb Code     0  startup_stm32g431xx.o(.text)
    FLASH_IRQHandler                         0x080002ef   Thumb Code     0  startup_stm32g431xx.o(.text)
    FMAC_IRQHandler                          0x080002ef   Thumb Code     0  startup_stm32g431xx.o(.text)
    FPU_IRQHandler                           0x080002ef   Thumb Code     0  startup_stm32g431xx.o(.text)
    I2C1_ER_IRQHandler                       0x080002ef   Thumb Code     0  startup_stm32g431xx.o(.text)
    I2C1_EV_IRQHandler                       0x080002ef   Thumb Code     0  startup_stm32g431xx.o(.text)
    I2C2_ER_IRQHandler                       0x080002ef   Thumb Code     0  startup_stm32g431xx.o(.text)
    I2C2_EV_IRQHandler                       0x080002ef   Thumb Code     0  startup_stm32g431xx.o(.text)
    I2C3_ER_IRQHandler                       0x080002ef   Thumb Code     0  startup_stm32g431xx.o(.text)
    I2C3_EV_IRQHandler                       0x080002ef   Thumb Code     0  startup_stm32g431xx.o(.text)
    LPTIM1_IRQHandler                        0x080002ef   Thumb Code     0  startup_stm32g431xx.o(.text)
    LPUART1_IRQHandler                       0x080002ef   Thumb Code     0  startup_stm32g431xx.o(.text)
    PVD_PVM_IRQHandler                       0x080002ef   Thumb Code     0  startup_stm32g431xx.o(.text)
    RCC_IRQHandler                           0x080002ef   Thumb Code     0  startup_stm32g431xx.o(.text)
    RNG_IRQHandler                           0x080002ef   Thumb Code     0  startup_stm32g431xx.o(.text)
    RTC_Alarm_IRQHandler                     0x080002ef   Thumb Code     0  startup_stm32g431xx.o(.text)
    RTC_TAMP_LSECSS_IRQHandler               0x080002ef   Thumb Code     0  startup_stm32g431xx.o(.text)
    RTC_WKUP_IRQHandler                      0x080002ef   Thumb Code     0  startup_stm32g431xx.o(.text)
    SAI1_IRQHandler                          0x080002ef   Thumb Code     0  startup_stm32g431xx.o(.text)
    SPI1_IRQHandler                          0x080002ef   Thumb Code     0  startup_stm32g431xx.o(.text)
    SPI2_IRQHandler                          0x080002ef   Thumb Code     0  startup_stm32g431xx.o(.text)
    SPI3_IRQHandler                          0x080002ef   Thumb Code     0  startup_stm32g431xx.o(.text)
    TIM1_BRK_TIM15_IRQHandler                0x080002ef   Thumb Code     0  startup_stm32g431xx.o(.text)
    TIM1_CC_IRQHandler                       0x080002ef   Thumb Code     0  startup_stm32g431xx.o(.text)
    TIM1_UP_TIM16_IRQHandler                 0x080002ef   Thumb Code     0  startup_stm32g431xx.o(.text)
    TIM3_IRQHandler                          0x080002ef   Thumb Code     0  startup_stm32g431xx.o(.text)
    TIM4_IRQHandler                          0x080002ef   Thumb Code     0  startup_stm32g431xx.o(.text)
    TIM7_IRQHandler                          0x080002ef   Thumb Code     0  startup_stm32g431xx.o(.text)
    TIM8_BRK_IRQHandler                      0x080002ef   Thumb Code     0  startup_stm32g431xx.o(.text)
    TIM8_CC_IRQHandler                       0x080002ef   Thumb Code     0  startup_stm32g431xx.o(.text)
    TIM8_TRG_COM_IRQHandler                  0x080002ef   Thumb Code     0  startup_stm32g431xx.o(.text)
    TIM8_UP_IRQHandler                       0x080002ef   Thumb Code     0  startup_stm32g431xx.o(.text)
    UART4_IRQHandler                         0x080002ef   Thumb Code     0  startup_stm32g431xx.o(.text)
    UCPD1_IRQHandler                         0x080002ef   Thumb Code     0  startup_stm32g431xx.o(.text)
    USART1_IRQHandler                        0x080002ef   Thumb Code     0  startup_stm32g431xx.o(.text)
    USART2_IRQHandler                        0x080002ef   Thumb Code     0  startup_stm32g431xx.o(.text)
    USART3_IRQHandler                        0x080002ef   Thumb Code     0  startup_stm32g431xx.o(.text)
    USBWakeUp_IRQHandler                     0x080002ef   Thumb Code     0  startup_stm32g431xx.o(.text)
    USB_HP_IRQHandler                        0x080002ef   Thumb Code     0  startup_stm32g431xx.o(.text)
    USB_LP_IRQHandler                        0x080002ef   Thumb Code     0  startup_stm32g431xx.o(.text)
    WWDG_IRQHandler                          0x080002ef   Thumb Code     0  startup_stm32g431xx.o(.text)
    __user_initial_stackheap                 0x080002f1   Thumb Code     0  startup_stm32g431xx.o(.text)
    __2sprintf                               0x08000315   Thumb Code    34  noretval__2sprintf.o(.text)
    _printf_pre_padding                      0x0800033d   Thumb Code    44  _printf_pad.o(.text)
    _printf_post_padding                     0x08000369   Thumb Code    34  _printf_pad.o(.text)
    _printf_int_dec                          0x0800038d   Thumb Code   104  _printf_dec.o(.text)
    __printf                                 0x08000405   Thumb Code   388  __printf_flags_ss_wp.o(.text)
    __aeabi_memclr4                          0x0800058d   Thumb Code     0  rt_memclr_w.o(.text)
    __aeabi_memclr8                          0x0800058d   Thumb Code     0  rt_memclr_w.o(.text)
    __rt_memclr_w                            0x0800058d   Thumb Code     0  rt_memclr_w.o(.text)
    _memset_w                                0x08000591   Thumb Code    74  rt_memclr_w.o(.text)
    __use_two_region_memory                  0x080005db   Thumb Code     2  heapauxi.o(.text)
    __rt_heap_escrow$2region                 0x080005dd   Thumb Code     2  heapauxi.o(.text)
    __rt_heap_expand$2region                 0x080005df   Thumb Code     2  heapauxi.o(.text)
    _printf_int_common                       0x080005e1   Thumb Code   178  _printf_intcommon.o(.text)
    _printf_fp_dec_real                      0x08000843   Thumb Code   620  _printf_fp_dec.o(.text)
    _printf_fp_hex_real                      0x08000ab1   Thumb Code   756  _printf_fp_hex.o(.text)
    _printf_char_common                      0x08000db7   Thumb Code    32  _printf_char_common.o(.text)
    _sputc                                   0x08000ddd   Thumb Code    10  _sputc.o(.text)
    __rt_locale                              0x08000de9   Thumb Code     8  rt_locale_intlibspace.o(.text)
    _ll_udiv10                               0x08000df1   Thumb Code   138  lludiv10.o(.text)
    _printf_fp_infnan                        0x08000e7d   Thumb Code   112  _printf_fp_infnan.o(.text)
    _btod_etento                             0x08000efd   Thumb Code   224  bigflt0.o(.text)
    __user_libspace                          0x08000fe1   Thumb Code     8  libspace.o(.text)
    __user_perproc_libspace                  0x08000fe1   Thumb Code     0  libspace.o(.text)
    __user_perthread_libspace                0x08000fe1   Thumb Code     0  libspace.o(.text)
    __user_setup_stackheap                   0x08000fe9   Thumb Code    74  sys_stackheap_outer.o(.text)
    exit                                     0x08001033   Thumb Code    18  exit.o(.text)
    strcmp                                   0x08001049   Thumb Code   124  strcmpv7em.o(.text)
    _sys_exit                                0x080010c5   Thumb Code     8  sys_exit.o(.text)
    __I$use$semihosting                      0x080010d1   Thumb Code     0  use_no_semi.o(.text)
    __use_no_semihosting_swi                 0x080010d1   Thumb Code     2  use_no_semi.o(.text)
    __semihosting_library_function           0x080010d3   Thumb Code     0  indicate_semi.o(.text)
    ADC1_2_IRQHandler                        0x080010d5   Thumb Code    12  stm32g4xx_it.o(.text.ADC1_2_IRQHandler)
    ADC_ConversionStop                       0x080010e1   Thumb Code   400  stm32g4xx_hal_adc.o(.text.ADC_ConversionStop)
    ADC_Enable                               0x08001271   Thumb Code   246  stm32g4xx_hal_adc.o(.text.ADC_Enable)
    BusFault_Handler                         0x08001369   Thumb Code     2  stm32g4xx_it.o(.text.BusFault_Handler)
    DebugMon_Handler                         0x0800136d   Thumb Code     2  stm32g4xx_it.o(.text.DebugMon_Handler)
    Error_Handler                            0x08001371   Thumb Code    10  main.o(.text.Error_Handler)
    HAL_ADCEx_EndOfSamplingCallback          0x0800137d   Thumb Code     2  stm32g4xx_hal_adc_ex.o(.text.HAL_ADCEx_EndOfSamplingCallback)
    HAL_ADCEx_InjectedConvCpltCallback       0x08001381   Thumb Code     2  stm32g4xx_hal_adc_ex.o(.text.HAL_ADCEx_InjectedConvCpltCallback)
    HAL_ADCEx_InjectedQueueOverflowCallback  0x08001385   Thumb Code     2  stm32g4xx_hal_adc_ex.o(.text.HAL_ADCEx_InjectedQueueOverflowCallback)
    HAL_ADCEx_LevelOutOfWindow2Callback      0x08001389   Thumb Code     2  stm32g4xx_hal_adc_ex.o(.text.HAL_ADCEx_LevelOutOfWindow2Callback)
    HAL_ADCEx_LevelOutOfWindow3Callback      0x0800138d   Thumb Code     2  stm32g4xx_hal_adc_ex.o(.text.HAL_ADCEx_LevelOutOfWindow3Callback)
    HAL_ADC_ConfigChannel                    0x08001391   Thumb Code   922  stm32g4xx_hal_adc.o(.text.HAL_ADC_ConfigChannel)
    HAL_ADC_ConvCpltCallback                 0x0800172d   Thumb Code     2  stm32g4xx_hal_adc.o(.text.HAL_ADC_ConvCpltCallback)
    HAL_ADC_ErrorCallback                    0x08001731   Thumb Code     2  stm32g4xx_hal_adc.o(.text.HAL_ADC_ErrorCallback)
    HAL_ADC_GetValue                         0x08001735   Thumb Code     6  stm32g4xx_hal_adc.o(.text.HAL_ADC_GetValue)
    HAL_ADC_IRQHandler                       0x0800173d   Thumb Code   634  stm32g4xx_hal_adc.o(.text.HAL_ADC_IRQHandler)
    HAL_ADC_Init                             0x080019b9   Thumb Code   576  stm32g4xx_hal_adc.o(.text.HAL_ADC_Init)
    HAL_ADC_LevelOutOfWindowCallback         0x08001bf9   Thumb Code     2  stm32g4xx_hal_adc.o(.text.HAL_ADC_LevelOutOfWindowCallback)
    HAL_ADC_MspInit                          0x08001bfd   Thumb Code   154  adc.o(.text.HAL_ADC_MspInit)
    HAL_ADC_Start                            0x08001c99   Thumb Code   228  stm32g4xx_hal_adc.o(.text.HAL_ADC_Start)
    HAL_ADC_Stop                             0x08001d7d   Thumb Code   180  stm32g4xx_hal_adc.o(.text.HAL_ADC_Stop)
    HAL_Delay                                0x08001e31   Thumb Code    40  stm32g4xx_hal.o(.text.HAL_Delay)
    HAL_GPIO_Init                            0x08001e59   Thumb Code   414  stm32g4xx_hal_gpio.o(.text.HAL_GPIO_Init)
    HAL_GPIO_ReadPin                         0x08001ff9   Thumb Code    10  stm32g4xx_hal_gpio.o(.text.HAL_GPIO_ReadPin)
    HAL_GPIO_WritePin                        0x08002005   Thumb Code    12  stm32g4xx_hal_gpio.o(.text.HAL_GPIO_WritePin)
    HAL_GetTick                              0x08002011   Thumb Code    12  stm32g4xx_hal.o(.text.HAL_GetTick)
    HAL_IncTick                              0x0800201d   Thumb Code    26  stm32g4xx_hal.o(.text.HAL_IncTick)
    HAL_Init                                 0x08002039   Thumb Code    30  stm32g4xx_hal.o(.text.HAL_Init)
    HAL_InitTick                             0x08002059   Thumb Code    76  stm32g4xx_hal.o(.text.HAL_InitTick)
    HAL_MspInit                              0x080020a5   Thumb Code    52  stm32g4xx_hal_msp.o(.text.HAL_MspInit)
    HAL_NVIC_EnableIRQ                       0x080020d9   Thumb Code    34  stm32g4xx_hal_cortex.o(.text.HAL_NVIC_EnableIRQ)
    HAL_NVIC_SetPriority                     0x080020fd   Thumb Code    86  stm32g4xx_hal_cortex.o(.text.HAL_NVIC_SetPriority)
    HAL_NVIC_SetPriorityGrouping             0x08002155   Thumb Code    32  stm32g4xx_hal_cortex.o(.text.HAL_NVIC_SetPriorityGrouping)
    HAL_PWREx_ControlVoltageScaling          0x08002175   Thumb Code   294  stm32g4xx_hal_pwr_ex.o(.text.HAL_PWREx_ControlVoltageScaling)
    HAL_PWREx_DisableUCPDDeadBattery         0x0800229d   Thumb Code    18  stm32g4xx_hal_pwr_ex.o(.text.HAL_PWREx_DisableUCPDDeadBattery)
    HAL_RCCEx_PeriphCLKConfig                0x080022b1   Thumb Code   618  stm32g4xx_hal_rcc_ex.o(.text.HAL_RCCEx_PeriphCLKConfig)
    HAL_RCC_ClockConfig                      0x0800251d   Thumb Code   780  stm32g4xx_hal_rcc.o(.text.HAL_RCC_ClockConfig)
    HAL_RCC_OscConfig                        0x08002829   Thumb Code  1234  stm32g4xx_hal_rcc.o(.text.HAL_RCC_OscConfig)
    HAL_SYSTICK_Config                       0x08002cfd   Thumb Code    44  stm32g4xx_hal_cortex.o(.text.HAL_SYSTICK_Config)
    HAL_TIMEx_Break2Callback                 0x08002d29   Thumb Code     2  stm32g4xx_hal_tim_ex.o(.text.HAL_TIMEx_Break2Callback)
    HAL_TIMEx_BreakCallback                  0x08002d2d   Thumb Code     2  stm32g4xx_hal_tim_ex.o(.text.HAL_TIMEx_BreakCallback)
    HAL_TIMEx_CommutCallback                 0x08002d31   Thumb Code     2  stm32g4xx_hal_tim_ex.o(.text.HAL_TIMEx_CommutCallback)
    HAL_TIMEx_DirectionChangeCallback        0x08002d35   Thumb Code     2  stm32g4xx_hal_tim_ex.o(.text.HAL_TIMEx_DirectionChangeCallback)
    HAL_TIMEx_EncoderIndexCallback           0x08002d39   Thumb Code     2  stm32g4xx_hal_tim_ex.o(.text.HAL_TIMEx_EncoderIndexCallback)
    HAL_TIMEx_IndexErrorCallback             0x08002d3d   Thumb Code     2  stm32g4xx_hal_tim_ex.o(.text.HAL_TIMEx_IndexErrorCallback)
    HAL_TIMEx_MasterConfigSynchronization    0x08002d41   Thumb Code   166  stm32g4xx_hal_tim_ex.o(.text.HAL_TIMEx_MasterConfigSynchronization)
    HAL_TIMEx_TransitionErrorCallback        0x08002de9   Thumb Code     2  stm32g4xx_hal_tim_ex.o(.text.HAL_TIMEx_TransitionErrorCallback)
    HAL_TIM_Base_Init                        0x08002ded   Thumb Code    98  stm32g4xx_hal_tim.o(.text.HAL_TIM_Base_Init)
    HAL_TIM_Base_MspInit                     0x08002e51   Thumb Code   232  tim.o(.text.HAL_TIM_Base_MspInit)
    HAL_TIM_Base_Start_IT                    0x08002f39   Thumb Code   146  stm32g4xx_hal_tim.o(.text.HAL_TIM_Base_Start_IT)
    HAL_TIM_ConfigClockSource                0x08002fcd   Thumb Code   516  stm32g4xx_hal_tim.o(.text.HAL_TIM_ConfigClockSource)
    HAL_TIM_IC_CaptureCallback               0x080031d1   Thumb Code    86  main.o(.text.HAL_TIM_IC_CaptureCallback)
    HAL_TIM_IC_ConfigChannel                 0x08003229   Thumb Code   422  stm32g4xx_hal_tim.o(.text.HAL_TIM_IC_ConfigChannel)
    HAL_TIM_IC_Init                          0x080033d1   Thumb Code    98  stm32g4xx_hal_tim.o(.text.HAL_TIM_IC_Init)
    HAL_TIM_IC_MspInit                       0x08003435   Thumb Code     2  stm32g4xx_hal_tim.o(.text.HAL_TIM_IC_MspInit)
    HAL_TIM_IC_Start_IT                      0x08003439   Thumb Code   470  stm32g4xx_hal_tim.o(.text.HAL_TIM_IC_Start_IT)
    HAL_TIM_IRQHandler                       0x08003611   Thumb Code   460  stm32g4xx_hal_tim.o(.text.HAL_TIM_IRQHandler)
    HAL_TIM_OC_DelayElapsedCallback          0x080037dd   Thumb Code     2  stm32g4xx_hal_tim.o(.text.HAL_TIM_OC_DelayElapsedCallback)
    HAL_TIM_PWM_ConfigChannel                0x080037e1   Thumb Code   986  stm32g4xx_hal_tim.o(.text.HAL_TIM_PWM_ConfigChannel)
    HAL_TIM_PWM_Init                         0x08003bbd   Thumb Code    98  stm32g4xx_hal_tim.o(.text.HAL_TIM_PWM_Init)
    HAL_TIM_PWM_MspInit                      0x08003c21   Thumb Code     2  stm32g4xx_hal_tim.o(.text.HAL_TIM_PWM_MspInit)
    HAL_TIM_PWM_PulseFinishedCallback        0x08003c25   Thumb Code     2  stm32g4xx_hal_tim.o(.text.HAL_TIM_PWM_PulseFinishedCallback)
    HAL_TIM_PWM_Start                        0x08003c29   Thumb Code   398  stm32g4xx_hal_tim.o(.text.HAL_TIM_PWM_Start)
    HAL_TIM_PeriodElapsedCallback            0x08003db9   Thumb Code   816  main.o(.text.HAL_TIM_PeriodElapsedCallback)
    HAL_TIM_ReadCapturedValue                0x080041c1   Thumb Code    52  stm32g4xx_hal_tim.o(.text.HAL_TIM_ReadCapturedValue)
    HAL_TIM_TriggerCallback                  0x080041f5   Thumb Code     2  stm32g4xx_hal_tim.o(.text.HAL_TIM_TriggerCallback)
    HardFault_Handler                        0x080041f9   Thumb Code     2  stm32g4xx_it.o(.text.HardFault_Handler)
    LCD_Clear                                0x080041fd   Thumb Code   652  lcd.o(.text.LCD_Clear)
    LCD_DisplayStringLine                    0x08004489   Thumb Code    76  lcd.o(.text.LCD_DisplayStringLine)
    LCD_DrawChar                             0x080044d5   Thumb Code   760  lcd.o(.text.LCD_DrawChar)
    LCD_Init                                 0x080047cd   Thumb Code   560  lcd.o(.text.LCD_Init)
    LCD_SetBackColor                         0x080049fd   Thumb Code    24  lcd.o(.text.LCD_SetBackColor)
    LCD_SetTextColor                         0x08004a15   Thumb Code    24  lcd.o(.text.LCD_SetTextColor)
    MX_ADC2_Init                             0x08004a2d   Thumb Code   130  adc.o(.text.MX_ADC2_Init)
    MX_GPIO_Init                             0x08004ab1   Thumb Code   116  gpio.o(.text.MX_GPIO_Init)
    MX_TIM17_Init                            0x08004b25   Thumb Code   110  tim.o(.text.MX_TIM17_Init)
    MX_TIM2_Init                             0x08004b95   Thumb Code   260  tim.o(.text.MX_TIM2_Init)
    MX_TIM6_Init                             0x08004c99   Thumb Code    82  tim.o(.text.MX_TIM6_Init)
    MemManage_Handler                        0x08004ced   Thumb Code     2  stm32g4xx_it.o(.text.MemManage_Handler)
    NMI_Handler                              0x08004cf1   Thumb Code     2  stm32g4xx_it.o(.text.NMI_Handler)
    PendSV_Handler                           0x08004cf5   Thumb Code     2  stm32g4xx_it.o(.text.PendSV_Handler)
    REG_8230_Init                            0x08004cf9   Thumb Code  3084  lcd.o(.text.REG_8230_Init)
    REG_932X_Init                            0x08005905   Thumb Code  5966  lcd.o(.text.REG_932X_Init)
    SVC_Handler                              0x08007055   Thumb Code     2  stm32g4xx_it.o(.text.SVC_Handler)
    SysTick_Handler                          0x08007059   Thumb Code     4  stm32g4xx_it.o(.text.SysTick_Handler)
    SystemInit                               0x0800705d   Thumb Code    18  system_stm32g4xx.o(.text.SystemInit)
    TIM1_TRG_COM_TIM17_IRQHandler            0x08007071   Thumb Code    12  stm32g4xx_it.o(.text.TIM1_TRG_COM_TIM17_IRQHandler)
    TIM2_IRQHandler                          0x0800707d   Thumb Code    12  stm32g4xx_it.o(.text.TIM2_IRQHandler)
    TIM6_DAC_IRQHandler                      0x08007089   Thumb Code    12  stm32g4xx_it.o(.text.TIM6_DAC_IRQHandler)
    TIM_Base_SetConfig                       0x08007095   Thumb Code   290  stm32g4xx_hal_tim.o(.text.TIM_Base_SetConfig)
    UsageFault_Handler                       0x080071b9   Thumb Code     2  stm32g4xx_it.o(.text.UsageFault_Handler)
    getADC                                   0x080071c1   Thumb Code    64  adc.o(.text.getADC)
    led_OFF                                  0x08007211   Thumb Code   164  led.o(.text.led_OFF)
    led_ON                                   0x080072b5   Thumb Code   168  led.o(.text.led_ON)
    led_Toggle                               0x0800735d   Thumb Code   174  led.o(.text.led_Toggle)
    led_init                                 0x0800740d   Thumb Code   152  led.o(.text.led_init)
    main                                     0x080074a5   Thumb Code   532  main.o(.text.main)
    _btod_d2e                                0x080076b9   Thumb Code    62  btod.o(CL$$btod_d2e)
    _d2e_denorm_low                          0x080076f7   Thumb Code    70  btod.o(CL$$btod_d2e_denorm_low)
    _d2e_norm_op1                            0x0800773d   Thumb Code    96  btod.o(CL$$btod_d2e_norm_op1)
    __btod_div_common                        0x0800779d   Thumb Code   696  btod.o(CL$$btod_div_common)
    _e2e                                     0x08007ad5   Thumb Code   220  btod.o(CL$$btod_e2e)
    _btod_ediv                               0x08007bb1   Thumb Code    42  btod.o(CL$$btod_ediv)
    _btod_emul                               0x08007bdb   Thumb Code    42  btod.o(CL$$btod_emul)
    __btod_mult_common                       0x08007c05   Thumb Code   580  btod.o(CL$$btod_mult_common)
    __ARM_fpclassify                         0x08007e49   Thumb Code    48  fpclassify.o(i.__ARM_fpclassify)
    _is_digit                                0x08007e79   Thumb Code    14  __printf_wp.o(i._is_digit)
    _get_lc_numeric                          0x08007e89   Thumb Code    44  lc_numeric_c.o(locale$$code)
    __aeabi_d2f                              0x08007eb5   Thumb Code     0  d2f.o(x$fpl$d2f)
    _d2f                                     0x08007eb5   Thumb Code    98  d2f.o(x$fpl$d2f)
    __aeabi_dadd                             0x08007f19   Thumb Code     0  daddsub_clz.o(x$fpl$dadd)
    _dadd                                    0x08007f19   Thumb Code   332  daddsub_clz.o(x$fpl$dadd)
    __fpl_dcmp_Inf                           0x08008069   Thumb Code    24  dcmpi.o(x$fpl$dcmpinf)
    __aeabi_ddiv                             0x08008081   Thumb Code     0  ddiv.o(x$fpl$ddiv)
    _ddiv                                    0x08008081   Thumb Code   556  ddiv.o(x$fpl$ddiv)
    __aeabi_cdcmpeq                          0x08008335   Thumb Code     0  deqf.o(x$fpl$deqf)
    _dcmpeq                                  0x08008335   Thumb Code   120  deqf.o(x$fpl$deqf)
    __aeabi_d2uiz                            0x080083ad   Thumb Code     0  dfixu.o(x$fpl$dfixu)
    _dfixu                                   0x080083ad   Thumb Code    90  dfixu.o(x$fpl$dfixu)
    __aeabi_i2d                              0x08008407   Thumb Code     0  dflt_clz.o(x$fpl$dflt)
    _dflt                                    0x08008407   Thumb Code    46  dflt_clz.o(x$fpl$dflt)
    __aeabi_ui2d                             0x08008435   Thumb Code     0  dflt_clz.o(x$fpl$dfltu)
    _dfltu                                   0x08008435   Thumb Code    38  dflt_clz.o(x$fpl$dfltu)
    __aeabi_cdcmpge                          0x0800845d   Thumb Code     0  dgeqf.o(x$fpl$dgeqf)
    _dcmpge                                  0x0800845d   Thumb Code   120  dgeqf.o(x$fpl$dgeqf)
    __aeabi_cdcmple                          0x080084d5   Thumb Code     0  dleqf.o(x$fpl$dleqf)
    _dcmple                                  0x080084d5   Thumb Code   120  dleqf.o(x$fpl$dleqf)
    __fpl_dcmple_InfNaN                      0x08008537   Thumb Code     0  dleqf.o(x$fpl$dleqf)
    __aeabi_dmul                             0x0800854d   Thumb Code     0  dmul.o(x$fpl$dmul)
    _dmul                                    0x0800854d   Thumb Code   332  dmul.o(x$fpl$dmul)
    __fpl_dnaninf                            0x080086a1   Thumb Code   156  dnaninf.o(x$fpl$dnaninf)
    __fpl_dretinf                            0x0800873d   Thumb Code    12  dretinf.o(x$fpl$dretinf)
    __aeabi_dsub                             0x08008749   Thumb Code     0  daddsub_clz.o(x$fpl$dsub)
    _dsub                                    0x08008749   Thumb Code   472  daddsub_clz.o(x$fpl$dsub)
    __aeabi_f2d                              0x08008925   Thumb Code     0  f2d.o(x$fpl$f2d)
    _f2d                                     0x08008925   Thumb Code    86  f2d.o(x$fpl$f2d)
    __aeabi_dcmpeq                           0x0800897b   Thumb Code     0  dcmp.o(x$fpl$fcmp)
    _deq                                     0x0800897b   Thumb Code    14  dcmp.o(x$fpl$fcmp)
    _dneq                                    0x08008989   Thumb Code    14  dcmp.o(x$fpl$fcmp)
    __aeabi_dcmpgt                           0x08008997   Thumb Code     0  dcmp.o(x$fpl$fcmp)
    _dgr                                     0x08008997   Thumb Code    14  dcmp.o(x$fpl$fcmp)
    __aeabi_dcmpge                           0x080089a5   Thumb Code     0  dcmp.o(x$fpl$fcmp)
    _dgeq                                    0x080089a5   Thumb Code    14  dcmp.o(x$fpl$fcmp)
    __aeabi_dcmple                           0x080089b3   Thumb Code     0  dcmp.o(x$fpl$fcmp)
    _dleq                                    0x080089b3   Thumb Code    14  dcmp.o(x$fpl$fcmp)
    __aeabi_dcmplt                           0x080089c1   Thumb Code     0  dcmp.o(x$fpl$fcmp)
    _dls                                     0x080089c1   Thumb Code    14  dcmp.o(x$fpl$fcmp)
    __fpl_fnaninf                            0x080089cf   Thumb Code   140  fnaninf.o(x$fpl$fnaninf)
    _fp_init                                 0x08008a5b   Thumb Code    26  fpinit.o(x$fpl$fpinit)
    __fplib_config_fpu_vfp                   0x08008a73   Thumb Code     0  fpinit.o(x$fpl$fpinit)
    __fplib_config_pureend_doubles           0x08008a73   Thumb Code     0  fpinit.o(x$fpl$fpinit)
    __fpl_fretinf                            0x08008a75   Thumb Code    10  fretinf.o(x$fpl$fretinf)
    _printf_fp_dec                           0x08008a7f   Thumb Code     4  printf1.o(x$fpl$printf1)
    _printf_fp_hex                           0x08008a83   Thumb Code     4  printf2.o(x$fpl$printf2)
    __I$use$fp                               0x08008a86   Number         0  usenofp.o(x$fpl$usenofp)
    AHBPrescTable                            0x08008b54   Data          16  system_stm32g4xx.o(.rodata.AHBPrescTable)
    ASCII_Table                              0x08008b64   Data        4560  lcd.o(.rodata.ASCII_Table)
    Region$$Table$$Base                      0x08009d88   Number         0  anon$$obj.o(Region$$Table)
    Region$$Table$$Limit                     0x08009da8   Number         0  anon$$obj.o(Region$$Table)
    R                                        0x20000000   Data           4  main.o(.data..L_MergedGlobals)
    K                                        0x20000004   Data           4  main.o(.data..L_MergedGlobals)
    aim_pwm                                  0x20000008   Data           4  main.o(.data..L_MergedGlobals)
    uwTickPrio                               0x2000000c   Data           4  stm32g4xx_hal.o(.data..L_MergedGlobals)
    uwTickFreq                               0x20000010   Data           4  stm32g4xx_hal.o(.data..L_MergedGlobals)
    SystemCoreClock                          0x20000018   Data           4  system_stm32g4xx.o(.data.SystemCoreClock)
    __libspace_start                         0x20000020   Data          96  libspace.o(.bss)
    __temporary_stack_top$libspace           0x20000080   Data           0  libspace.o(.bss)
    led_buff                                 0x20000080   Data           1  led.o(.bss..L_MergedGlobals)
    led_state                                0x20000084   Data          32  led.o(.bss..L_MergedGlobals)
    lock                                     0x200000a4   Data           1  main.o(.bss..L_MergedGlobals.13)
    change_PWM                               0x200000a5   Data           1  main.o(.bss..L_MergedGlobals.13)
    frequence_choose                         0x200000a6   Data           1  main.o(.bss..L_MergedGlobals.13)
    mode                                     0x200000a8   Data           4  main.o(.bss..L_MergedGlobals.13)
    choose                                   0x200000ac   Data           4  main.o(.bss..L_MergedGlobals.13)
    N                                        0x200000b0   Data           4  main.o(.bss..L_MergedGlobals.13)
    pulse                                    0x200000b4   Data           4  main.o(.bss..L_MergedGlobals.13)
    change_pwm_counter                       0x200000b8   Data           4  main.o(.bss..L_MergedGlobals.13)
    f                                        0x200000bc   Data           4  main.o(.bss..L_MergedGlobals.13)
    vilocity                                 0x200000c0   Data           4  main.o(.bss..L_MergedGlobals.13)
    text                                     0x200000c4   Data          30  main.o(.bss..L_MergedGlobals.13)
    dummy                                    0x200000e4   Data           2  lcd.o(.bss.dummy)
    hadc2                                    0x200000e8   Data         108  adc.o(.bss.hadc2)
    htim17                                   0x20000154   Data          76  tim.o(.bss.htim17)
    htim2                                    0x200001a0   Data          76  tim.o(.bss.htim2)
    htim6                                    0x200001ec   Data          76  tim.o(.bss.htim6)
    uwTick                                   0x20000238   Data           4  stm32g4xx_hal.o(.bss.uwTick)



==============================================================================

Memory Map of the image

  Image Entry point : 0x080001d9

  Load Region LR_IROM1 (Base: 0x08000000, Size: 0x00009de8, Max: 0x00020000, ABSOLUTE)

    Execution Region ER_IROM1 (Exec base: 0x08000000, Load base: 0x08000000, Size: 0x00009dc4, Max: 0x00020000, ABSOLUTE)

    Exec Addr    Load Addr    Size         Type   Attr      Idx    E Section Name        Object

    0x08000000   0x08000000   0x000001d8   Data   RO            3    RESET               startup_stm32g431xx.o
    0x080001d8   0x080001d8   0x00000008   Code   RO         1291  * !!!main             c_w.l(__main.o)
    0x080001e0   0x080001e0   0x0000005c   Code   RO         1574    !!!scatter          c_w.l(__scatter.o)
    0x0800023c   0x0800023c   0x0000001a   Code   RO         1578    !!handler_copy      c_w.l(__scatter_copy.o)
    0x08000256   0x08000256   0x00000002   PAD
    0x08000258   0x08000258   0x00000002   Code   RO         1575    !!handler_null      c_w.l(__scatter.o)
    0x0800025a   0x0800025a   0x00000002   PAD
    0x0800025c   0x0800025c   0x0000001c   Code   RO         1580    !!handler_zi        c_w.l(__scatter_zi.o)
    0x08000278   0x08000278   0x00000000   Code   RO         1286    .ARM.Collect$$_printf_percent$$00000000  c_w.l(_printf_percent.o)
    0x08000278   0x08000278   0x00000006   Code   RO         1282    .ARM.Collect$$_printf_percent$$00000003  c_w.l(_printf_f.o)
    0x0800027e   0x0800027e   0x00000006   Code   RO         1283    .ARM.Collect$$_printf_percent$$00000004  c_w.l(_printf_e.o)
    0x08000284   0x08000284   0x00000006   Code   RO         1284    .ARM.Collect$$_printf_percent$$00000005  c_w.l(_printf_g.o)
    0x0800028a   0x0800028a   0x00000006   Code   RO         1285    .ARM.Collect$$_printf_percent$$00000006  c_w.l(_printf_a.o)
    0x08000290   0x08000290   0x00000006   Code   RO         1281    .ARM.Collect$$_printf_percent$$00000009  c_w.l(_printf_d.o)
    0x08000296   0x08000296   0x00000004   Code   RO         1343    .ARM.Collect$$_printf_percent$$00000017  c_w.l(_printf_percent_end.o)
    0x0800029a   0x0800029a   0x00000002   Code   RO         1437    .ARM.Collect$$libinit$$00000000  c_w.l(libinit.o)
    0x0800029c   0x0800029c   0x00000004   Code   RO         1438    .ARM.Collect$$libinit$$00000001  c_w.l(libinit2.o)
    0x080002a0   0x080002a0   0x00000000   Code   RO         1441    .ARM.Collect$$libinit$$00000004  c_w.l(libinit2.o)
    0x080002a0   0x080002a0   0x00000000   Code   RO         1443    .ARM.Collect$$libinit$$00000006  c_w.l(libinit2.o)
    0x080002a0   0x080002a0   0x00000000   Code   RO         1446    .ARM.Collect$$libinit$$0000000C  c_w.l(libinit2.o)
    0x080002a0   0x080002a0   0x00000000   Code   RO         1448    .ARM.Collect$$libinit$$0000000E  c_w.l(libinit2.o)
    0x080002a0   0x080002a0   0x00000000   Code   RO         1450    .ARM.Collect$$libinit$$00000010  c_w.l(libinit2.o)
    0x080002a0   0x080002a0   0x00000006   Code   RO         1451    .ARM.Collect$$libinit$$00000011  c_w.l(libinit2.o)
    0x080002a6   0x080002a6   0x00000000   Code   RO         1453    .ARM.Collect$$libinit$$00000013  c_w.l(libinit2.o)
    0x080002a6   0x080002a6   0x00000000   Code   RO         1455    .ARM.Collect$$libinit$$00000015  c_w.l(libinit2.o)
    0x080002a6   0x080002a6   0x00000000   Code   RO         1457    .ARM.Collect$$libinit$$00000017  c_w.l(libinit2.o)
    0x080002a6   0x080002a6   0x0000000a   Code   RO         1458    .ARM.Collect$$libinit$$00000018  c_w.l(libinit2.o)
    0x080002b0   0x080002b0   0x00000000   Code   RO         1459    .ARM.Collect$$libinit$$00000019  c_w.l(libinit2.o)
    0x080002b0   0x080002b0   0x00000000   Code   RO         1461    .ARM.Collect$$libinit$$0000001B  c_w.l(libinit2.o)
    0x080002b0   0x080002b0   0x00000000   Code   RO         1463    .ARM.Collect$$libinit$$0000001D  c_w.l(libinit2.o)
    0x080002b0   0x080002b0   0x00000000   Code   RO         1465    .ARM.Collect$$libinit$$0000001F  c_w.l(libinit2.o)
    0x080002b0   0x080002b0   0x00000000   Code   RO         1467    .ARM.Collect$$libinit$$00000021  c_w.l(libinit2.o)
    0x080002b0   0x080002b0   0x00000000   Code   RO         1469    .ARM.Collect$$libinit$$00000023  c_w.l(libinit2.o)
    0x080002b0   0x080002b0   0x00000000   Code   RO         1471    .ARM.Collect$$libinit$$00000025  c_w.l(libinit2.o)
    0x080002b0   0x080002b0   0x00000000   Code   RO         1473    .ARM.Collect$$libinit$$00000027  c_w.l(libinit2.o)
    0x080002b0   0x080002b0   0x00000000   Code   RO         1477    .ARM.Collect$$libinit$$0000002E  c_w.l(libinit2.o)
    0x080002b0   0x080002b0   0x00000000   Code   RO         1479    .ARM.Collect$$libinit$$00000030  c_w.l(libinit2.o)
    0x080002b0   0x080002b0   0x00000000   Code   RO         1481    .ARM.Collect$$libinit$$00000032  c_w.l(libinit2.o)
    0x080002b0   0x080002b0   0x00000000   Code   RO         1483    .ARM.Collect$$libinit$$00000034  c_w.l(libinit2.o)
    0x080002b0   0x080002b0   0x00000002   Code   RO         1484    .ARM.Collect$$libinit$$00000035  c_w.l(libinit2.o)
    0x080002b2   0x080002b2   0x00000002   Code   RO         1520    .ARM.Collect$$libshutdown$$00000000  c_w.l(libshutdown.o)
    0x080002b4   0x080002b4   0x00000000   Code   RO         1531    .ARM.Collect$$libshutdown$$00000002  c_w.l(libshutdown2.o)
    0x080002b4   0x080002b4   0x00000000   Code   RO         1533    .ARM.Collect$$libshutdown$$00000004  c_w.l(libshutdown2.o)
    0x080002b4   0x080002b4   0x00000000   Code   RO         1536    .ARM.Collect$$libshutdown$$00000007  c_w.l(libshutdown2.o)
    0x080002b4   0x080002b4   0x00000000   Code   RO         1539    .ARM.Collect$$libshutdown$$0000000A  c_w.l(libshutdown2.o)
    0x080002b4   0x080002b4   0x00000000   Code   RO         1541    .ARM.Collect$$libshutdown$$0000000C  c_w.l(libshutdown2.o)
    0x080002b4   0x080002b4   0x00000000   Code   RO         1544    .ARM.Collect$$libshutdown$$0000000F  c_w.l(libshutdown2.o)
    0x080002b4   0x080002b4   0x00000002   Code   RO         1545    .ARM.Collect$$libshutdown$$00000010  c_w.l(libshutdown2.o)
    0x080002b6   0x080002b6   0x00000000   Code   RO         1329    .ARM.Collect$$rtentry$$00000000  c_w.l(__rtentry.o)
    0x080002b6   0x080002b6   0x00000000   Code   RO         1360    .ARM.Collect$$rtentry$$00000002  c_w.l(__rtentry2.o)
    0x080002b6   0x080002b6   0x00000006   Code   RO         1372    .ARM.Collect$$rtentry$$00000004  c_w.l(__rtentry4.o)
    0x080002bc   0x080002bc   0x00000000   Code   RO         1362    .ARM.Collect$$rtentry$$00000009  c_w.l(__rtentry2.o)
    0x080002bc   0x080002bc   0x00000004   Code   RO         1363    .ARM.Collect$$rtentry$$0000000A  c_w.l(__rtentry2.o)
    0x080002c0   0x080002c0   0x00000000   Code   RO         1365    .ARM.Collect$$rtentry$$0000000C  c_w.l(__rtentry2.o)
    0x080002c0   0x080002c0   0x00000008   Code   RO         1366    .ARM.Collect$$rtentry$$0000000D  c_w.l(__rtentry2.o)
    0x080002c8   0x080002c8   0x00000002   Code   RO         1485    .ARM.Collect$$rtexit$$00000000  c_w.l(rtexit.o)
    0x080002ca   0x080002ca   0x00000000   Code   RO         1494    .ARM.Collect$$rtexit$$00000002  c_w.l(rtexit2.o)
    0x080002ca   0x080002ca   0x00000004   Code   RO         1495    .ARM.Collect$$rtexit$$00000003  c_w.l(rtexit2.o)
    0x080002ce   0x080002ce   0x00000006   Code   RO         1496    .ARM.Collect$$rtexit$$00000004  c_w.l(rtexit2.o)
    0x080002d4   0x080002d4   0x00000040   Code   RO            4    .text               startup_stm32g431xx.o
    0x08000314   0x08000314   0x00000028   Code   RO         1253    .text               c_w.l(noretval__2sprintf.o)
    0x0800033c   0x0800033c   0x0000004e   Code   RO         1257    .text               c_w.l(_printf_pad.o)
    0x0800038a   0x0800038a   0x00000002   PAD
    0x0800038c   0x0800038c   0x00000078   Code   RO         1259    .text               c_w.l(_printf_dec.o)
    0x08000404   0x08000404   0x00000188   Code   RO         1278    .text               c_w.l(__printf_flags_ss_wp.o)
    0x0800058c   0x0800058c   0x0000004e   Code   RO         1287    .text               c_w.l(rt_memclr_w.o)
    0x080005da   0x080005da   0x00000006   Code   RO         1289    .text               c_w.l(heapauxi.o)
    0x080005e0   0x080005e0   0x000000b2   Code   RO         1330    .text               c_w.l(_printf_intcommon.o)
    0x08000692   0x08000692   0x0000041c   Code   RO         1332    .text               c_w.l(_printf_fp_dec.o)
    0x08000aae   0x08000aae   0x00000002   PAD
    0x08000ab0   0x08000ab0   0x000002fc   Code   RO         1336    .text               c_w.l(_printf_fp_hex.o)
    0x08000dac   0x08000dac   0x00000030   Code   RO         1339    .text               c_w.l(_printf_char_common.o)
    0x08000ddc   0x08000ddc   0x0000000a   Code   RO         1341    .text               c_w.l(_sputc.o)
    0x08000de6   0x08000de6   0x00000002   PAD
    0x08000de8   0x08000de8   0x00000008   Code   RO         1377    .text               c_w.l(rt_locale_intlibspace.o)
    0x08000df0   0x08000df0   0x0000008a   Code   RO         1379    .text               c_w.l(lludiv10.o)
    0x08000e7a   0x08000e7a   0x00000002   PAD
    0x08000e7c   0x08000e7c   0x00000080   Code   RO         1381    .text               c_w.l(_printf_fp_infnan.o)
    0x08000efc   0x08000efc   0x000000e4   Code   RO         1385    .text               c_w.l(bigflt0.o)
    0x08000fe0   0x08000fe0   0x00000008   Code   RO         1421    .text               c_w.l(libspace.o)
    0x08000fe8   0x08000fe8   0x0000004a   Code   RO         1424    .text               c_w.l(sys_stackheap_outer.o)
    0x08001032   0x08001032   0x00000012   Code   RO         1428    .text               c_w.l(exit.o)
    0x08001044   0x08001044   0x00000004   PAD
    0x08001048   0x08001048   0x0000007c   Code   RO         1430    .text               c_w.l(strcmpv7em.o)
    0x080010c4   0x080010c4   0x0000000c   Code   RO         1506    .text               c_w.l(sys_exit.o)
    0x080010d0   0x080010d0   0x00000002   Code   RO         1521    .text               c_w.l(use_no_semi.o)
    0x080010d2   0x080010d2   0x00000000   Code   RO         1523    .text               c_w.l(indicate_semi.o)
    0x080010d2   0x080010d2   0x00000002   PAD
    0x080010d4   0x080010d4   0x0000000c   Code   RO          184    .text.ADC1_2_IRQHandler  stm32g4xx_it.o
    0x080010e0   0x080010e0   0x00000190   Code   RO          329    .text.ADC_ConversionStop  stm32g4xx_hal_adc.o
    0x08001270   0x08001270   0x000000f6   Code   RO          337    .text.ADC_Enable    stm32g4xx_hal_adc.o
    0x08001366   0x08001366   0x00000002   PAD
    0x08001368   0x08001368   0x00000002   Code   RO          172    .text.BusFault_Handler  stm32g4xx_it.o
    0x0800136a   0x0800136a   0x00000002   PAD
    0x0800136c   0x0800136c   0x00000002   Code   RO          178    .text.DebugMon_Handler  stm32g4xx_it.o
    0x0800136e   0x0800136e   0x00000002   PAD
    0x08001370   0x08001370   0x0000000a   Code   RO          139    .text.Error_Handler  main.o
    0x0800137a   0x0800137a   0x00000002   PAD
    0x0800137c   0x0800137c   0x00000002   Code   RO          423    .text.HAL_ADCEx_EndOfSamplingCallback  stm32g4xx_hal_adc_ex.o
    0x0800137e   0x0800137e   0x00000002   PAD
    0x08001380   0x08001380   0x00000002   Code   RO          415    .text.HAL_ADCEx_InjectedConvCpltCallback  stm32g4xx_hal_adc_ex.o
    0x08001382   0x08001382   0x00000002   PAD
    0x08001384   0x08001384   0x00000002   Code   RO          417    .text.HAL_ADCEx_InjectedQueueOverflowCallback  stm32g4xx_hal_adc_ex.o
    0x08001386   0x08001386   0x00000002   PAD
    0x08001388   0x08001388   0x00000002   Code   RO          419    .text.HAL_ADCEx_LevelOutOfWindow2Callback  stm32g4xx_hal_adc_ex.o
    0x0800138a   0x0800138a   0x00000002   PAD
    0x0800138c   0x0800138c   0x00000002   Code   RO          421    .text.HAL_ADCEx_LevelOutOfWindow3Callback  stm32g4xx_hal_adc_ex.o
    0x0800138e   0x0800138e   0x00000002   PAD
    0x08001390   0x08001390   0x0000039a   Code   RO          375    .text.HAL_ADC_ConfigChannel  stm32g4xx_hal_adc.o
    0x0800172a   0x0800172a   0x00000002   PAD
    0x0800172c   0x0800172c   0x00000002   Code   RO          367    .text.HAL_ADC_ConvCpltCallback  stm32g4xx_hal_adc.o
    0x0800172e   0x0800172e   0x00000002   PAD
    0x08001730   0x08001730   0x00000002   Code   RO          371    .text.HAL_ADC_ErrorCallback  stm32g4xx_hal_adc.o
    0x08001732   0x08001732   0x00000002   PAD
    0x08001734   0x08001734   0x00000006   Code   RO          359    .text.HAL_ADC_GetValue  stm32g4xx_hal_adc.o
    0x0800173a   0x0800173a   0x00000002   PAD
    0x0800173c   0x0800173c   0x0000027a   Code   RO          365    .text.HAL_ADC_IRQHandler  stm32g4xx_hal_adc.o
    0x080019b6   0x080019b6   0x00000002   PAD
    0x080019b8   0x080019b8   0x00000240   Code   RO          323    .text.HAL_ADC_Init  stm32g4xx_hal_adc.o
    0x08001bf8   0x08001bf8   0x00000002   Code   RO          369    .text.HAL_ADC_LevelOutOfWindowCallback  stm32g4xx_hal_adc.o
    0x08001bfa   0x08001bfa   0x00000002   PAD
    0x08001bfc   0x08001bfc   0x0000009a   Code   RO          106    .text.HAL_ADC_MspInit  adc.o
    0x08001c96   0x08001c96   0x00000002   PAD
    0x08001c98   0x08001c98   0x000000e4   Code   RO          335    .text.HAL_ADC_Start  stm32g4xx_hal_adc.o
    0x08001d7c   0x08001d7c   0x000000b4   Code   RO          339    .text.HAL_ADC_Stop  stm32g4xx_hal_adc.o
    0x08001e30   0x08001e30   0x00000028   Code   RO          257    .text.HAL_Delay     stm32g4xx_hal.o
    0x08001e58   0x08001e58   0x0000019e   Code   RO          645    .text.HAL_GPIO_Init  stm32g4xx_hal_gpio.o
    0x08001ff6   0x08001ff6   0x00000002   PAD
    0x08001ff8   0x08001ff8   0x0000000a   Code   RO          649    .text.HAL_GPIO_ReadPin  stm32g4xx_hal_gpio.o
    0x08002002   0x08002002   0x00000002   PAD
    0x08002004   0x08002004   0x0000000c   Code   RO          651    .text.HAL_GPIO_WritePin  stm32g4xx_hal_gpio.o
    0x08002010   0x08002010   0x0000000c   Code   RO          249    .text.HAL_GetTick   stm32g4xx_hal.o
    0x0800201c   0x0800201c   0x0000001a   Code   RO          247    .text.HAL_IncTick   stm32g4xx_hal.o
    0x08002036   0x08002036   0x00000002   PAD
    0x08002038   0x08002038   0x0000001e   Code   RO          237    .text.HAL_Init      stm32g4xx_hal.o
    0x08002056   0x08002056   0x00000002   PAD
    0x08002058   0x08002058   0x0000004c   Code   RO          239    .text.HAL_InitTick  stm32g4xx_hal.o
    0x080020a4   0x080020a4   0x00000034   Code   RO          158    .text.HAL_MspInit   stm32g4xx_hal_msp.o
    0x080020d8   0x080020d8   0x00000022   Code   RO          457    .text.HAL_NVIC_EnableIRQ  stm32g4xx_hal_cortex.o
    0x080020fa   0x080020fa   0x00000002   PAD
    0x080020fc   0x080020fc   0x00000056   Code   RO          455    .text.HAL_NVIC_SetPriority  stm32g4xx_hal_cortex.o
    0x08002152   0x08002152   0x00000002   PAD
    0x08002154   0x08002154   0x00000020   Code   RO          453    .text.HAL_NVIC_SetPriorityGrouping  stm32g4xx_hal_cortex.o
    0x08002174   0x08002174   0x00000126   Code   RO          711    .text.HAL_PWREx_ControlVoltageScaling  stm32g4xx_hal_pwr_ex.o
    0x0800229a   0x0800229a   0x00000002   PAD
    0x0800229c   0x0800229c   0x00000012   Code   RO          781    .text.HAL_PWREx_DisableUCPDDeadBattery  stm32g4xx_hal_pwr_ex.o
    0x080022ae   0x080022ae   0x00000002   PAD
    0x080022b0   0x080022b0   0x0000026a   Code   RO          829    .text.HAL_RCCEx_PeriphCLKConfig  stm32g4xx_hal_rcc_ex.o
    0x0800251a   0x0800251a   0x00000002   PAD
    0x0800251c   0x0800251c   0x0000030c   Code   RO          795    .text.HAL_RCC_ClockConfig  stm32g4xx_hal_rcc.o
    0x08002828   0x08002828   0x000004d2   Code   RO          793    .text.HAL_RCC_OscConfig  stm32g4xx_hal_rcc.o
    0x08002cfa   0x08002cfa   0x00000002   PAD
    0x08002cfc   0x08002cfc   0x0000002c   Code   RO          465    .text.HAL_SYSTICK_Config  stm32g4xx_hal_cortex.o
    0x08002d28   0x08002d28   0x00000002   Code   RO         1226    .text.HAL_TIMEx_Break2Callback  stm32g4xx_hal_tim_ex.o
    0x08002d2a   0x08002d2a   0x00000002   PAD
    0x08002d2c   0x08002d2c   0x00000002   Code   RO         1224    .text.HAL_TIMEx_BreakCallback  stm32g4xx_hal_tim_ex.o
    0x08002d2e   0x08002d2e   0x00000002   PAD
    0x08002d30   0x08002d30   0x00000002   Code   RO         1220    .text.HAL_TIMEx_CommutCallback  stm32g4xx_hal_tim_ex.o
    0x08002d32   0x08002d32   0x00000002   PAD
    0x08002d34   0x08002d34   0x00000002   Code   RO         1230    .text.HAL_TIMEx_DirectionChangeCallback  stm32g4xx_hal_tim_ex.o
    0x08002d36   0x08002d36   0x00000002   PAD
    0x08002d38   0x08002d38   0x00000002   Code   RO         1228    .text.HAL_TIMEx_EncoderIndexCallback  stm32g4xx_hal_tim_ex.o
    0x08002d3a   0x08002d3a   0x00000002   PAD
    0x08002d3c   0x08002d3c   0x00000002   Code   RO         1232    .text.HAL_TIMEx_IndexErrorCallback  stm32g4xx_hal_tim_ex.o
    0x08002d3e   0x08002d3e   0x00000002   PAD
    0x08002d40   0x08002d40   0x000000a6   Code   RO         1170    .text.HAL_TIMEx_MasterConfigSynchronization  stm32g4xx_hal_tim_ex.o
    0x08002de6   0x08002de6   0x00000002   PAD
    0x08002de8   0x08002de8   0x00000002   Code   RO         1234    .text.HAL_TIMEx_TransitionErrorCallback  stm32g4xx_hal_tim_ex.o
    0x08002dea   0x08002dea   0x00000002   PAD
    0x08002dec   0x08002dec   0x00000062   Code   RO          875    .text.HAL_TIM_Base_Init  stm32g4xx_hal_tim.o
    0x08002e4e   0x08002e4e   0x00000002   PAD
    0x08002e50   0x08002e50   0x000000e8   Code   RO          222    .text.HAL_TIM_Base_MspInit  tim.o
    0x08002f38   0x08002f38   0x00000092   Code   RO          889    .text.HAL_TIM_Base_Start_IT  stm32g4xx_hal_tim.o
    0x08002fca   0x08002fca   0x00000002   PAD
    0x08002fcc   0x08002fcc   0x00000204   Code   RO         1055    .text.HAL_TIM_ConfigClockSource  stm32g4xx_hal_tim.o
    0x080031d0   0x080031d0   0x00000056   Code   RO          143    .text.HAL_TIM_IC_CaptureCallback  main.o
    0x08003226   0x08003226   0x00000002   PAD
    0x08003228   0x08003228   0x000001a6   Code   RO         1025    .text.HAL_TIM_IC_ConfigChannel  stm32g4xx_hal_tim.o
    0x080033ce   0x080033ce   0x00000002   PAD
    0x080033d0   0x080033d0   0x00000062   Code   RO          949    .text.HAL_TIM_IC_Init  stm32g4xx_hal_tim.o
    0x08003432   0x08003432   0x00000002   PAD
    0x08003434   0x08003434   0x00000002   Code   RO          951    .text.HAL_TIM_IC_MspInit  stm32g4xx_hal_tim.o
    0x08003436   0x08003436   0x00000002   PAD
    0x08003438   0x08003438   0x000001d6   Code   RO          961    .text.HAL_TIM_IC_Start_IT  stm32g4xx_hal_tim.o
    0x0800360e   0x0800360e   0x00000002   PAD
    0x08003610   0x08003610   0x000001cc   Code   RO         1009    .text.HAL_TIM_IRQHandler  stm32g4xx_hal_tim.o
    0x080037dc   0x080037dc   0x00000002   Code   RO         1013    .text.HAL_TIM_OC_DelayElapsedCallback  stm32g4xx_hal_tim.o
    0x080037de   0x080037de   0x00000002   PAD
    0x080037e0   0x080037e0   0x000003da   Code   RO         1029    .text.HAL_TIM_PWM_ConfigChannel  stm32g4xx_hal_tim.o
    0x08003bba   0x08003bba   0x00000002   PAD
    0x08003bbc   0x08003bbc   0x00000062   Code   RO          929    .text.HAL_TIM_PWM_Init  stm32g4xx_hal_tim.o
    0x08003c1e   0x08003c1e   0x00000002   PAD
    0x08003c20   0x08003c20   0x00000002   Code   RO          931    .text.HAL_TIM_PWM_MspInit  stm32g4xx_hal_tim.o
    0x08003c22   0x08003c22   0x00000002   PAD
    0x08003c24   0x08003c24   0x00000002   Code   RO         1015    .text.HAL_TIM_PWM_PulseFinishedCallback  stm32g4xx_hal_tim.o
    0x08003c26   0x08003c26   0x00000002   PAD
    0x08003c28   0x08003c28   0x0000018e   Code   RO          937    .text.HAL_TIM_PWM_Start  stm32g4xx_hal_tim.o
    0x08003db6   0x08003db6   0x00000002   PAD
    0x08003db8   0x08003db8   0x00000408   Code   RO          141    .text.HAL_TIM_PeriodElapsedCallback  main.o
    0x080041c0   0x080041c0   0x00000034   Code   RO         1065    .text.HAL_TIM_ReadCapturedValue  stm32g4xx_hal_tim.o
    0x080041f4   0x080041f4   0x00000002   Code   RO         1019    .text.HAL_TIM_TriggerCallback  stm32g4xx_hal_tim.o
    0x080041f6   0x080041f6   0x00000002   PAD
    0x080041f8   0x080041f8   0x00000002   Code   RO          168    .text.HardFault_Handler  stm32g4xx_it.o
    0x080041fa   0x080041fa   0x00000002   PAD
    0x080041fc   0x080041fc   0x0000028c   Code   RO           33    .text.LCD_Clear     lcd.o
    0x08004488   0x08004488   0x0000004c   Code   RO           31    .text.LCD_DisplayStringLine  lcd.o
    0x080044d4   0x080044d4   0x000002f8   Code   RO           41    .text.LCD_DrawChar  lcd.o
    0x080047cc   0x080047cc   0x00000230   Code   RO           19    .text.LCD_Init      lcd.o
    0x080049fc   0x080049fc   0x00000018   Code   RO           27    .text.LCD_SetBackColor  lcd.o
    0x08004a14   0x08004a14   0x00000018   Code   RO           25    .text.LCD_SetTextColor  lcd.o
    0x08004a2c   0x08004a2c   0x00000082   Code   RO          104    .text.MX_ADC2_Init  adc.o
    0x08004aae   0x08004aae   0x00000002   PAD
    0x08004ab0   0x08004ab0   0x00000074   Code   RO          121    .text.MX_GPIO_Init  gpio.o
    0x08004b24   0x08004b24   0x0000006e   Code   RO          220    .text.MX_TIM17_Init  tim.o
    0x08004b92   0x08004b92   0x00000002   PAD
    0x08004b94   0x08004b94   0x00000104   Code   RO          214    .text.MX_TIM2_Init  tim.o
    0x08004c98   0x08004c98   0x00000052   Code   RO          218    .text.MX_TIM6_Init  tim.o
    0x08004cea   0x08004cea   0x00000002   PAD
    0x08004cec   0x08004cec   0x00000002   Code   RO          170    .text.MemManage_Handler  stm32g4xx_it.o
    0x08004cee   0x08004cee   0x00000002   PAD
    0x08004cf0   0x08004cf0   0x00000002   Code   RO          166    .text.NMI_Handler   stm32g4xx_it.o
    0x08004cf2   0x08004cf2   0x00000002   PAD
    0x08004cf4   0x08004cf4   0x00000002   Code   RO          180    .text.PendSV_Handler  stm32g4xx_it.o
    0x08004cf6   0x08004cf6   0x00000002   PAD
    0x08004cf8   0x08004cf8   0x00000c0c   Code   RO           13    .text.REG_8230_Init  lcd.o
    0x08005904   0x08005904   0x0000174e   Code   RO           17    .text.REG_932X_Init  lcd.o
    0x08007052   0x08007052   0x00000002   PAD
    0x08007054   0x08007054   0x00000002   Code   RO          176    .text.SVC_Handler   stm32g4xx_it.o
    0x08007056   0x08007056   0x00000002   PAD
    0x08007058   0x08007058   0x00000004   Code   RO          182    .text.SysTick_Handler  stm32g4xx_it.o
    0x0800705c   0x0800705c   0x00000012   Code   RO          199    .text.SystemInit    system_stm32g4xx.o
    0x0800706e   0x0800706e   0x00000002   PAD
    0x08007070   0x08007070   0x0000000c   Code   RO          186    .text.TIM1_TRG_COM_TIM17_IRQHandler  stm32g4xx_it.o
    0x0800707c   0x0800707c   0x0000000c   Code   RO          188    .text.TIM2_IRQHandler  stm32g4xx_it.o
    0x08007088   0x08007088   0x0000000c   Code   RO          190    .text.TIM6_DAC_IRQHandler  stm32g4xx_it.o
    0x08007094   0x08007094   0x00000122   Code   RO          879    .text.TIM_Base_SetConfig  stm32g4xx_hal_tim.o
    0x080071b6   0x080071b6   0x00000002   PAD
    0x080071b8   0x080071b8   0x00000002   Code   RO          174    .text.UsageFault_Handler  stm32g4xx_it.o
    0x080071ba   0x080071ba   0x00000006   PAD
    0x080071c0   0x080071c0   0x00000050   Code   RO          110    .text.getADC        adc.o
    0x08007210   0x08007210   0x000000a4   Code   RO           91    .text.led_OFF       led.o
    0x080072b4   0x080072b4   0x000000a8   Code   RO           89    .text.led_ON        led.o
    0x0800735c   0x0800735c   0x000000ae   Code   RO           93    .text.led_Toggle    led.o
    0x0800740a   0x0800740a   0x00000002   PAD
    0x0800740c   0x0800740c   0x00000098   Code   RO           87    .text.led_init      led.o
    0x080074a4   0x080074a4   0x00000214   Code   RO          135    .text.main          main.o
    0x080076b8   0x080076b8   0x0000003e   Code   RO         1388    CL$$btod_d2e        c_w.l(btod.o)
    0x080076f6   0x080076f6   0x00000046   Code   RO         1390    CL$$btod_d2e_denorm_low  c_w.l(btod.o)
    0x0800773c   0x0800773c   0x00000060   Code   RO         1389    CL$$btod_d2e_norm_op1  c_w.l(btod.o)
    0x0800779c   0x0800779c   0x00000338   Code   RO         1398    CL$$btod_div_common  c_w.l(btod.o)
    0x08007ad4   0x08007ad4   0x000000dc   Code   RO         1395    CL$$btod_e2e        c_w.l(btod.o)
    0x08007bb0   0x08007bb0   0x0000002a   Code   RO         1392    CL$$btod_ediv       c_w.l(btod.o)
    0x08007bda   0x08007bda   0x0000002a   Code   RO         1391    CL$$btod_emul       c_w.l(btod.o)
    0x08007c04   0x08007c04   0x00000244   Code   RO         1397    CL$$btod_mult_common  c_w.l(btod.o)
    0x08007e48   0x08007e48   0x00000030   Code   RO         1419    i.__ARM_fpclassify  m_wm.l(fpclassify.o)
    0x08007e78   0x08007e78   0x0000000e   Code   RO         1271    i._is_digit         c_w.l(__printf_wp.o)
    0x08007e86   0x08007e86   0x00000002   PAD
    0x08007e88   0x08007e88   0x0000002c   Code   RO         1413    locale$$code        c_w.l(lc_numeric_c.o)
    0x08007eb4   0x08007eb4   0x00000062   Code   RO         1293    x$fpl$d2f           fz_wm.l(d2f.o)
    0x08007f16   0x08007f16   0x00000002   PAD
    0x08007f18   0x08007f18   0x00000150   Code   RO         1295    x$fpl$dadd          fz_wm.l(daddsub_clz.o)
    0x08008068   0x08008068   0x00000018   Code   RO         1415    x$fpl$dcmpinf       fz_wm.l(dcmpi.o)
    0x08008080   0x08008080   0x000002b4   Code   RO         1304    x$fpl$ddiv          fz_wm.l(ddiv.o)
    0x08008334   0x08008334   0x00000078   Code   RO         1344    x$fpl$deqf          fz_wm.l(deqf.o)
    0x080083ac   0x080083ac   0x0000005a   Code   RO         1307    x$fpl$dfixu         fz_wm.l(dfixu.o)
    0x08008406   0x08008406   0x0000002e   Code   RO         1312    x$fpl$dflt          fz_wm.l(dflt_clz.o)
    0x08008434   0x08008434   0x00000026   Code   RO         1311    x$fpl$dfltu         fz_wm.l(dflt_clz.o)
    0x0800845a   0x0800845a   0x00000002   PAD
    0x0800845c   0x0800845c   0x00000078   Code   RO         1346    x$fpl$dgeqf         fz_wm.l(dgeqf.o)
    0x080084d4   0x080084d4   0x00000078   Code   RO         1348    x$fpl$dleqf         fz_wm.l(dleqf.o)
    0x0800854c   0x0800854c   0x00000154   Code   RO         1317    x$fpl$dmul          fz_wm.l(dmul.o)
    0x080086a0   0x080086a0   0x0000009c   Code   RO         1350    x$fpl$dnaninf       fz_wm.l(dnaninf.o)
    0x0800873c   0x0800873c   0x0000000c   Code   RO         1352    x$fpl$dretinf       fz_wm.l(dretinf.o)
    0x08008748   0x08008748   0x000001dc   Code   RO         1297    x$fpl$dsub          fz_wm.l(daddsub_clz.o)
    0x08008924   0x08008924   0x00000056   Code   RO         1319    x$fpl$f2d           fz_wm.l(f2d.o)
    0x0800897a   0x0800897a   0x00000054   Code   RO         1301    x$fpl$fcmp          fz_wm.l(dcmp.o)
    0x080089ce   0x080089ce   0x0000008c   Code   RO         1354    x$fpl$fnaninf       fz_wm.l(fnaninf.o)
    0x08008a5a   0x08008a5a   0x0000001a   Code   RO         1491    x$fpl$fpinit        fz_wm.l(fpinit.o)
    0x08008a74   0x08008a74   0x0000000a   Code   RO         1356    x$fpl$fretinf       fz_wm.l(fretinf.o)
    0x08008a7e   0x08008a7e   0x00000004   Code   RO         1321    x$fpl$printf1       fz_wm.l(printf1.o)
    0x08008a82   0x08008a82   0x00000004   Code   RO         1323    x$fpl$printf2       fz_wm.l(printf2.o)
    0x08008a86   0x08008a86   0x00000000   Code   RO         1358    x$fpl$usenofp       fz_wm.l(usenofp.o)
    0x08008a86   0x08008a86   0x00000011   Data   RO         1279    .constdata          c_w.l(__printf_flags_ss_wp.o)
    0x08008a97   0x08008a97   0x00000026   Data   RO         1337    .constdata          c_w.l(_printf_fp_hex.o)
    0x08008abd   0x08008abd   0x00000003   PAD
    0x08008ac0   0x08008ac0   0x00000094   Data   RO         1386    .constdata          c_w.l(bigflt0.o)
    0x08008b54   0x08008b54   0x00000010   Data   RO          204    .rodata.AHBPrescTable  system_stm32g4xx.o
    0x08008b64   0x08008b64   0x000011d0   Data   RO           73    .rodata.ASCII_Table  lcd.o
    0x08009d34   0x08009d34   0x00000020   Data   RO         1095    .rodata.cst16       stm32g4xx_hal_tim.o
    0x08009d54   0x08009d54   0x00000031   Data   RO          145    .rodata.str1.1      main.o
    0x08009d85   0x08009d85   0x00000003   PAD
    0x08009d88   0x08009d88   0x00000020   Data   RO         1573    Region$$Table       anon$$obj.o
    0x08009da8   0x08009da8   0x0000001c   Data   RO         1412    locale$$data        c_w.l(lc_numeric_c.o)


    Execution Region RW_IRAM1 (Exec base: 0x20000000, Load base: 0x08009dc8, Size: 0x00000840, Max: 0x00008000, ABSOLUTE)

    Exec Addr    Load Addr    Size         Type   Attr      Idx    E Section Name        Object

    0x20000000   0x08009dc8   0x0000000c   Data   RW          148    .data..L_MergedGlobals  main.o
    0x2000000c   0x08009dd4   0x00000008   Data   RW          314    .data..L_MergedGlobals  stm32g4xx_hal.o
    0x20000014   0x08009ddc   0x00000002   Data   RW           76    .data.BackColor     lcd.o
    0x20000016   0x08009dde   0x00000002   PAD
    0x20000018   0x08009de0   0x00000004   Data   RW          203    .data.SystemCoreClock  system_stm32g4xx.o
    0x2000001c   0x08009de4   0x00000004   PAD
    0x20000020        -       0x00000060   Zero   RW         1422    .bss                c_w.l(libspace.o)
    0x20000080        -       0x00000024   Zero   RW           95    .bss..L_MergedGlobals  led.o
    0x200000a4        -       0x0000003e   Zero   RW          149    .bss..L_MergedGlobals.13  main.o
    0x200000e2        -       0x00000002   Zero   RW           75    .bss.TextColor      lcd.o
    0x200000e4        -       0x00000002   Zero   RW           74    .bss.dummy          lcd.o
    0x200000e6   0x08009de4   0x00000002   PAD
    0x200000e8        -       0x0000006c   Zero   RW          112    .bss.hadc2          adc.o
    0x20000154        -       0x0000004c   Zero   RW          228    .bss.htim17         tim.o
    0x200001a0        -       0x0000004c   Zero   RW          226    .bss.htim2          tim.o
    0x200001ec        -       0x0000004c   Zero   RW          227    .bss.htim6          tim.o
    0x20000238        -       0x00000004   Zero   RW          313    .bss.uwTick         stm32g4xx_hal.o
    0x2000023c   0x08009de4   0x00000004   PAD
    0x20000240        -       0x00000200   Zero   RW            2    HEAP                startup_stm32g431xx.o
    0x20000440        -       0x00000400   Zero   RW            1    STACK               startup_stm32g431xx.o


==============================================================================

Image component sizes


      Code (inc. data)   RO Data    RW Data    ZI Data      Debug   Object Name

       364         16          0          0        108       9719   adc.o
       116          0          0          0          0       2708   gpio.o
     11146          0       4560          2          4      37767   lcd.o
       658          0          0          0         36       4085   led.o
      1660        216         49         12         62      10661   main.o
        64         26        472          0       1536       1004   startup_stm32g431xx.o
       184          0          0          8          4       9193   stm32g4xx_hal.o
      3198          0          0          0          0      28730   stm32g4xx_hal_adc.o
        10          0          0          0          0      23093   stm32g4xx_hal_adc_ex.o
       196          0          0          0          0      10509   stm32g4xx_hal_cortex.o
       436          0          0          0          0       5513   stm32g4xx_hal_gpio.o
        52          0          0          0          0       2021   stm32g4xx_hal_msp.o
       312          0          0          0          0       9938   stm32g4xx_hal_pwr_ex.o
      2014          0          0          0          0      10223   stm32g4xx_hal_rcc.o
       618          0          0          0          0      11037   stm32g4xx_hal_rcc_ex.o
      4044         48         32          0          0      62061   stm32g4xx_hal_tim.o
       180          0          0          0          0      30079   stm32g4xx_hal_tim_ex.o
        68          0          0          0          0       7461   stm32g4xx_it.o
        18          0         16          4          0       3025   system_stm32g4xx.o
       684          0          0          0        228      10846   tim.o

    ----------------------------------------------------------------------
     26148        306       5164         28       1988     289673   Object Totals
         0          0         32          0          0          0   (incl. Generated)
       126          0          3          2         10          0   (incl. Padding)

    ----------------------------------------------------------------------

      Code (inc. data)   RO Data    RW Data    ZI Data      Debug   Library Member Name

         8          0          0          0          0         68   __main.o
       392          4         17          0          0         92   __printf_flags_ss_wp.o
        14          0          0          0          0         68   __printf_wp.o
         0          0          0          0          0          0   __rtentry.o
        12          0          0          0          0          0   __rtentry2.o
         6          0          0          0          0          0   __rtentry4.o
        94          8          0          0          0          0   __scatter.o
        26          0          0          0          0          0   __scatter_copy.o
        28          0          0          0          0          0   __scatter_zi.o
         6          0          0          0          0          0   _printf_a.o
        48          6          0          0          0         96   _printf_char_common.o
         6          0          0          0          0          0   _printf_d.o
       120         16          0          0          0         92   _printf_dec.o
         6          0          0          0          0          0   _printf_e.o
         6          0          0          0          0          0   _printf_f.o
      1052          0          0          0          0        148   _printf_fp_dec.o
       764          8         38          0          0        100   _printf_fp_hex.o
       128         16          0          0          0         84   _printf_fp_infnan.o
         6          0          0          0          0          0   _printf_g.o
       178          0          0          0          0         88   _printf_intcommon.o
        78          0          0          0          0        108   _printf_pad.o
         0          0          0          0          0          0   _printf_percent.o
         4          0          0          0          0          0   _printf_percent_end.o
        10          0          0          0          0         68   _sputc.o
       228          4        148          0          0         96   bigflt0.o
      1936        128          0          0          0        668   btod.o
        18          0          0          0          0         80   exit.o
         6          0          0          0          0        152   heapauxi.o
         0          0          0          0          0          0   indicate_semi.o
        44         10         28          0          0         76   lc_numeric_c.o
         2          0          0          0          0          0   libinit.o
        22          0          0          0          0          0   libinit2.o
         2          0          0          0          0          0   libshutdown.o
         2          0          0          0          0          0   libshutdown2.o
         8          4          0          0         96         68   libspace.o
       138          0          0          0          0         80   lludiv10.o
        40          6          0          0          0         84   noretval__2sprintf.o
         8          4          0          0          0         68   rt_locale_intlibspace.o
        78          0          0          0          0         80   rt_memclr_w.o
         2          0          0          0          0          0   rtexit.o
        10          0          0          0          0          0   rtexit2.o
       124          0          0          0          0         88   strcmpv7em.o
        12          4          0          0          0         68   sys_exit.o
        74          0          0          0          0         80   sys_stackheap_outer.o
         2          0          0          0          0         68   use_no_semi.o
        98          4          0          0          0        140   d2f.o
       812         16          0          0          0        392   daddsub_clz.o
        84          0          0          0          0        244   dcmp.o
        24          0          0          0          0        116   dcmpi.o
       692        140          0          0          0        264   ddiv.o
       120          4          0          0          0        140   deqf.o
        90          4          0          0          0        140   dfixu.o
        84          0          0          0          0        232   dflt_clz.o
       120          4          0          0          0        140   dgeqf.o
       120          4          0          0          0        140   dleqf.o
       340         12          0          0          0        152   dmul.o
       156          4          0          0          0        140   dnaninf.o
        12          0          0          0          0        116   dretinf.o
        86          4          0          0          0        132   f2d.o
       140          4          0          0          0        132   fnaninf.o
        26          0          0          0          0        116   fpinit.o
        10          0          0          0          0        116   fretinf.o
         4          0          0          0          0        116   printf1.o
         4          0          0          0          0        116   printf2.o
         0          0          0          0          0          0   usenofp.o
        48          0          0          0          0        124   fpclassify.o

    ----------------------------------------------------------------------
      8842        418        234          0         96       5976   Library Totals
        24          0          3          0          0          0   (incl. Padding)

    ----------------------------------------------------------------------

      Code (inc. data)   RO Data    RW Data    ZI Data      Debug   Library Name

      5748        218        231          0         96       2768   c_w.l
      3022        200          0          0          0       3084   fz_wm.l
        48          0          0          0          0        124   m_wm.l

    ----------------------------------------------------------------------
      8842        418        234          0         96       5976   Library Totals

    ----------------------------------------------------------------------

==============================================================================


      Code (inc. data)   RO Data    RW Data    ZI Data      Debug   

     34990        724       5398         28       2084     291901   Grand Totals
     34990        724       5398         28       2084     291901   ELF Image Totals
     34990        724       5398         28          0          0   ROM Totals

==============================================================================

    Total RO  Size (Code + RO Data)                40388 (  39.44kB)
    Total RW  Size (RW Data + ZI Data)              2112 (   2.06kB)
    Total ROM Size (Code + RO Data + RW Data)      40416 (  39.47kB)

==============================================================================

